#! /opt/homebrew/Cellar/icarus-verilog/12.0/bin/vvp
:ivl_version "12.0 (stable)";
:ivl_delay_selection "TYPICAL";
:vpi_time_precision + 0;
:vpi_module "/opt/homebrew/Cellar/icarus-verilog/12.0/lib/ivl/system.vpi";
:vpi_module "/opt/homebrew/Cellar/icarus-verilog/12.0/lib/ivl/vhdl_sys.vpi";
:vpi_module "/opt/homebrew/Cellar/icarus-verilog/12.0/lib/ivl/vhdl_textio.vpi";
:vpi_module "/opt/homebrew/Cellar/icarus-verilog/12.0/lib/ivl/v2005_math.vpi";
:vpi_module "/opt/homebrew/Cellar/icarus-verilog/12.0/lib/ivl/va_math.vpi";
S_0x1331054d0 .scope module, "BM_interface" "BM_interface" 2 3;
 .timescale 0 0;
    .port_info 0 /INPUT 1 "clk";
    .port_info 1 /INPUT 1 "rst";
    .port_info 2 /INPUT 16 "synd";
    .port_info 3 /OUTPUT 1 "done";
    .port_info 4 /OUTPUT 12 "sigma_out";
    .port_info 5 /INPUT 1 "start";
P_0x133105640 .param/l "IDLE" 1 2 10, +C4<00000000000000000000000000000000>;
P_0x133105680 .param/l "M" 0 2 3, +C4<00000000000000000000000000000100>;
P_0x1331056c0 .param/l "SENDING" 1 2 11, +C4<00000000000000000000000000000001>;
P_0x133105700 .param/l "T" 0 2 3, +C4<00000000000000000000000000000010>;
v0x1331274f0_0 .var "BM_start", 0 0;
v0x1331275b0_0 .var "S_in", 3 0;
o0x12800bd60 .functor BUFZ 1, C4<z>; HiZ drive
v0x133127640_0 .net "clk", 0 0, o0x12800bd60;  0 drivers
v0x1331276f0_0 .var "count", 1 0;
v0x133127780_0 .net "done", 0 0, v0x133126960_0;  1 drivers
o0x12800beb0 .functor BUFZ 1, C4<z>; HiZ drive
v0x133127850_0 .net "rst", 0 0, o0x12800beb0;  0 drivers
v0x133127900_0 .net "sigma_out", 11 0, v0x133126e50_0;  1 drivers
o0x12800c1e0 .functor BUFZ 1, C4<z>; HiZ drive
v0x1331279b0_0 .net "start", 0 0, o0x12800c1e0;  0 drivers
v0x133127a40_0 .var "state", 1 0;
o0x12800c240 .functor BUFZ 16, C4<zzzzzzzzzzzzzzzz>; HiZ drive
v0x133127b50_0 .net "synd", 15 0, o0x12800c240;  0 drivers
S_0x1331058e0 .scope module, "BM_INST" "BM_top" 2 50, 3 4 0, S_0x1331054d0;
 .timescale 0 0;
    .port_info 0 /INPUT 1 "clk";
    .port_info 1 /INPUT 1 "rst";
    .port_info 2 /INPUT 1 "start";
    .port_info 3 /INPUT 4 "S_in";
    .port_info 4 /OUTPUT 1 "done";
    .port_info 5 /OUTPUT 12 "sigma_out";
    .port_info 6 /OUTPUT 1 "done_del";
P_0x133105a50 .param/l "COMPUTE" 1 3 13, +C4<00000000000000000000000000000001>;
P_0x133105a90 .param/l "IDLE" 1 3 12, +C4<00000000000000000000000000000000>;
P_0x133105ad0 .param/l "M" 0 3 4, +C4<00000000000000000000000000000100>;
P_0x133105b10 .param/l "T" 0 3 4, +C4<00000000000000000000000000000010>;
v0x133126310_0 .net "S_in", 3 0, v0x1331275b0_0;  1 drivers
v0x1331263a0_0 .net "clk", 0 0, o0x12800bd60;  alias, 0 drivers
v0x133126430 .array "corr_term", 2 0;
v0x133126430_0 .net v0x133126430 0, 3 0, L_0x133130300; 1 drivers
v0x133126430_1 .net v0x133126430 1, 3 0, L_0x1331331b0; 1 drivers
v0x133126430_2 .net v0x133126430 2, 3 0, L_0x133136150; 1 drivers
v0x133126560_0 .var "count", 1 0;
v0x1331265f0_0 .var "d_mu", 3 0;
v0x1331266c0_0 .var "d_p", 3 0;
v0x133126770_0 .net "d_p_inv", 3 0, v0x133116240_0;  1 drivers
v0x133126840_0 .net "dmu_dpinv", 3 0, L_0x133139020;  1 drivers
v0x133126960_0 .var "done", 0 0;
v0x133126a70_0 .var "done_del", 0 0;
v0x133126b00_0 .var/i "i", 31 0;
v0x133126b90_0 .var "load_sigma", 0 0;
v0x133126c20 .array "prod_reg", 2 0;
v0x133126c20_0 .net v0x133126c20 0, 3 0, L_0x133127c90; 1 drivers
v0x133126c20_1 .net v0x133126c20 1, 3 0, L_0x13312a660; 1 drivers
v0x133126c20_2 .net v0x133126c20 2, 3 0, L_0x13312d4a0; 1 drivers
v0x133126d00_0 .net "rst", 0 0, o0x12800beb0;  alias, 0 drivers
v0x133126d90 .array "sigma_bus", 2 0;
v0x133126d90_0 .net v0x133126d90 0, 3 0, L_0x133130930; 1 drivers
v0x133126d90_1 .net v0x133126d90 1, 3 0, L_0x1331337e0; 1 drivers
v0x133126d90_2 .net v0x133126d90 2, 3 0, L_0x133136780; 1 drivers
v0x133126e50_0 .var "sigma_out", 11 0;
v0x133126f00 .array "sigma_p", 2 0, 3 0;
v0x1331270e0 .array "sigma_reg", 2 0, 3 0;
v0x133127190 .array "sigma_store", 2 0, 3 0;
v0x133127220_0 .net "start", 0 0, v0x1331274f0_0;  1 drivers
v0x1331272b0_0 .var "state", 1 0;
v0x133127350 .array "temp_reg", 2 0, 3 0;
E_0x133105e00 .event posedge, v0x1331263a0_0;
E_0x133105e50 .event anyedge, v0x133118800_0;
v0x1331270e0_0 .array/port v0x1331270e0, 0;
E_0x133105ea0/0 .event anyedge, v0x133126b90_0, v0x1331270e0_0, v0x13311b7e0_0, v0x13311e2f0_0;
E_0x133105ea0/1 .event anyedge, v0x133120b60_0, v0x133123480_0, v0x133125db0_0;
E_0x133105ea0 .event/or E_0x133105ea0/0, E_0x133105ea0/1;
E_0x133105bd0 .event anyedge, v0x133118800_0, v0x133126c20_0, v0x13311b890_0, v0x13311e3a0_0;
S_0x133105f20 .scope module, "U_inv" "GF_2_4_inv" 3 89, 4 1 0, S_0x1331058e0;
 .timescale 0 0;
    .port_info 0 /INPUT 4 "in";
    .port_info 1 /OUTPUT 4 "out";
v0x133106180_0 .net "in", 3 0, v0x1331266c0_0;  1 drivers
v0x133116240_0 .var "out", 3 0;
E_0x133106120 .event anyedge, v0x133106180_0;
S_0x133116320 .scope module, "U_mul" "GF_2_4_mult" 3 94, 5 1 0, S_0x1331058e0;
 .timescale 0 0;
    .port_info 0 /INPUT 4 "in1";
    .port_info 1 /INPUT 4 "in2";
    .port_info 2 /OUTPUT 4 "out";
L_0x133136df0 .functor AND 1, L_0x1331367f0, L_0x133136af0, C4<1>, C4<1>;
L_0x133136f00 .functor AND 1, L_0x133136890, L_0x133136d50, C4<1>, C4<1>;
L_0x133136ff0 .functor XOR 1, L_0x133136df0, L_0x133136f00, C4<0>, C4<0>;
L_0x1331370e0 .functor AND 1, L_0x133136930, L_0x133136cb0, C4<1>, C4<1>;
L_0x1331371f0 .functor XOR 1, L_0x133136ff0, L_0x1331370e0, C4<0>, C4<0>;
L_0x133137310 .functor AND 1, L_0x133136a50, L_0x133136b90, C4<1>, C4<1>;
L_0x133137400 .functor XOR 1, L_0x1331371f0, L_0x133137310, C4<0>, C4<0>;
L_0x133137530 .functor AND 1, L_0x1331367f0, L_0x133136b90, C4<1>, C4<1>;
L_0x1331375a0 .functor AND 1, L_0x133136890, L_0x133136af0, C4<1>, C4<1>;
L_0x133137660 .functor XOR 1, L_0x133137530, L_0x1331375a0, C4<0>, C4<0>;
L_0x133137750 .functor AND 1, L_0x133136890, L_0x133136d50, C4<1>, C4<1>;
L_0x1331378a0 .functor XOR 1, L_0x133137660, L_0x133137750, C4<0>, C4<0>;
L_0x133137950 .functor AND 1, L_0x133136930, L_0x133136cb0, C4<1>, C4<1>;
L_0x133137a30 .functor XOR 1, L_0x1331378a0, L_0x133137950, C4<0>, C4<0>;
L_0x133137b00 .functor AND 1, L_0x133136930, L_0x133136d50, C4<1>, C4<1>;
L_0x1331379c0 .functor XOR 1, L_0x133137a30, L_0x133137b00, C4<0>, C4<0>;
L_0x133137d30 .functor AND 1, L_0x133136a50, L_0x133136b90, C4<1>, C4<1>;
L_0x133137eb0 .functor XOR 1, L_0x1331379c0, L_0x133137d30, C4<0>, C4<0>;
L_0x133137f20 .functor AND 1, L_0x133136a50, L_0x133136cb0, C4<1>, C4<1>;
L_0x133138130 .functor XOR 1, L_0x133137eb0, L_0x133137f20, C4<0>, C4<0>;
L_0x1331381a0 .functor AND 1, L_0x1331367f0, L_0x133136cb0, C4<1>, C4<1>;
L_0x133138340 .functor AND 1, L_0x133136890, L_0x133136b90, C4<1>, C4<1>;
L_0x133138090 .functor XOR 1, L_0x1331381a0, L_0x133138340, C4<0>, C4<0>;
L_0x1331384b0 .functor AND 1, L_0x133136930, L_0x133136af0, C4<1>, C4<1>;
L_0x133138520 .functor XOR 1, L_0x133138090, L_0x1331384b0, C4<0>, C4<0>;
L_0x1331386c0 .functor AND 1, L_0x133136930, L_0x133136d50, C4<1>, C4<1>;
L_0x1331383f0 .functor XOR 1, L_0x133138520, L_0x1331386c0, C4<0>, C4<0>;
L_0x133138890 .functor AND 1, L_0x133136a50, L_0x133136cb0, C4<1>, C4<1>;
L_0x1331385f0 .functor XOR 1, L_0x1331383f0, L_0x133138890, C4<0>, C4<0>;
L_0x133138a70 .functor AND 1, L_0x133136a50, L_0x133136d50, C4<1>, C4<1>;
L_0x1331387b0 .functor XOR 1, L_0x1331385f0, L_0x133138a70, C4<0>, C4<0>;
L_0x133138c20 .functor AND 1, L_0x1331367f0, L_0x133136d50, C4<1>, C4<1>;
L_0x133138980 .functor AND 1, L_0x133136890, L_0x133136cb0, C4<1>, C4<1>;
L_0x133138b20 .functor XOR 1, L_0x133138c20, L_0x133138980, C4<0>, C4<0>;
L_0x133138da0 .functor AND 1, L_0x133136930, L_0x133136b90, C4<1>, C4<1>;
L_0x133138c90 .functor XOR 1, L_0x133138b20, L_0x133138da0, C4<0>, C4<0>;
L_0x133138f70 .functor AND 1, L_0x133136a50, L_0x133136af0, C4<1>, C4<1>;
L_0x133138e10 .functor XOR 1, L_0x133138c90, L_0x133138f70, C4<0>, C4<0>;
L_0x133139110 .functor AND 1, L_0x133136a50, L_0x133136d50, C4<1>, C4<1>;
L_0x133137f90 .functor XOR 1, L_0x133138e10, L_0x133139110, C4<0>, C4<0>;
v0x133116550_0 .net *"_ivl_16", 0 0, L_0x133136df0;  1 drivers
v0x133116600_0 .net *"_ivl_18", 0 0, L_0x133136f00;  1 drivers
v0x1331166b0_0 .net *"_ivl_20", 0 0, L_0x133136ff0;  1 drivers
v0x133116770_0 .net *"_ivl_22", 0 0, L_0x1331370e0;  1 drivers
v0x133116820_0 .net *"_ivl_24", 0 0, L_0x1331371f0;  1 drivers
v0x133116910_0 .net *"_ivl_26", 0 0, L_0x133137310;  1 drivers
v0x1331169c0_0 .net *"_ivl_30", 0 0, L_0x133137530;  1 drivers
v0x133116a70_0 .net *"_ivl_32", 0 0, L_0x1331375a0;  1 drivers
v0x133116b20_0 .net *"_ivl_34", 0 0, L_0x133137660;  1 drivers
v0x133116c30_0 .net *"_ivl_36", 0 0, L_0x133137750;  1 drivers
v0x133116ce0_0 .net *"_ivl_38", 0 0, L_0x1331378a0;  1 drivers
v0x133116d90_0 .net *"_ivl_40", 0 0, L_0x133137950;  1 drivers
v0x133116e40_0 .net *"_ivl_42", 0 0, L_0x133137a30;  1 drivers
v0x133116ef0_0 .net *"_ivl_44", 0 0, L_0x133137b00;  1 drivers
v0x133116fa0_0 .net *"_ivl_46", 0 0, L_0x1331379c0;  1 drivers
v0x133117050_0 .net *"_ivl_48", 0 0, L_0x133137d30;  1 drivers
v0x133117100_0 .net *"_ivl_50", 0 0, L_0x133137eb0;  1 drivers
v0x133117290_0 .net *"_ivl_52", 0 0, L_0x133137f20;  1 drivers
v0x133117320_0 .net *"_ivl_56", 0 0, L_0x1331381a0;  1 drivers
v0x1331173d0_0 .net *"_ivl_58", 0 0, L_0x133138340;  1 drivers
v0x133117480_0 .net *"_ivl_60", 0 0, L_0x133138090;  1 drivers
v0x133117530_0 .net *"_ivl_62", 0 0, L_0x1331384b0;  1 drivers
v0x1331175e0_0 .net *"_ivl_64", 0 0, L_0x133138520;  1 drivers
v0x133117690_0 .net *"_ivl_66", 0 0, L_0x1331386c0;  1 drivers
v0x133117740_0 .net *"_ivl_68", 0 0, L_0x1331383f0;  1 drivers
v0x1331177f0_0 .net *"_ivl_70", 0 0, L_0x133138890;  1 drivers
v0x1331178a0_0 .net *"_ivl_72", 0 0, L_0x1331385f0;  1 drivers
v0x133117950_0 .net *"_ivl_74", 0 0, L_0x133138a70;  1 drivers
v0x133117a00_0 .net *"_ivl_78", 0 0, L_0x133138c20;  1 drivers
v0x133117ab0_0 .net *"_ivl_80", 0 0, L_0x133138980;  1 drivers
v0x133117b60_0 .net *"_ivl_82", 0 0, L_0x133138b20;  1 drivers
v0x133117c10_0 .net *"_ivl_84", 0 0, L_0x133138da0;  1 drivers
v0x133117cc0_0 .net *"_ivl_86", 0 0, L_0x133138c90;  1 drivers
v0x1331171b0_0 .net *"_ivl_88", 0 0, L_0x133138f70;  1 drivers
v0x133117f50_0 .net *"_ivl_90", 0 0, L_0x133138e10;  1 drivers
v0x133117fe0_0 .net *"_ivl_92", 0 0, L_0x133139110;  1 drivers
v0x133118080_0 .net "a0", 0 0, L_0x1331367f0;  1 drivers
v0x133118120_0 .net "a1", 0 0, L_0x133136890;  1 drivers
v0x1331181c0_0 .net "a2", 0 0, L_0x133136930;  1 drivers
v0x133118260_0 .net "a3", 0 0, L_0x133136a50;  1 drivers
v0x133118300_0 .net "b0", 0 0, L_0x133136af0;  1 drivers
v0x1331183a0_0 .net "b1", 0 0, L_0x133136b90;  1 drivers
v0x133118440_0 .net "b2", 0 0, L_0x133136cb0;  1 drivers
v0x1331184e0_0 .net "b3", 0 0, L_0x133136d50;  1 drivers
v0x133118580_0 .net "c0", 0 0, L_0x133137400;  1 drivers
v0x133118620_0 .net "c1", 0 0, L_0x133138130;  1 drivers
v0x1331186c0_0 .net "c2", 0 0, L_0x1331387b0;  1 drivers
v0x133118760_0 .net "c3", 0 0, L_0x133137f90;  1 drivers
v0x133118800_0 .net "in1", 3 0, v0x1331265f0_0;  1 drivers
v0x1331188b0_0 .net "in2", 3 0, v0x133116240_0;  alias, 1 drivers
v0x133118970_0 .net "out", 3 0, L_0x133139020;  alias, 1 drivers
L_0x1331367f0 .part v0x1331265f0_0, 3, 1;
L_0x133136890 .part v0x1331265f0_0, 2, 1;
L_0x133136930 .part v0x1331265f0_0, 1, 1;
L_0x133136a50 .part v0x1331265f0_0, 0, 1;
L_0x133136af0 .part v0x133116240_0, 3, 1;
L_0x133136b90 .part v0x133116240_0, 2, 1;
L_0x133136cb0 .part v0x133116240_0, 1, 1;
L_0x133136d50 .part v0x133116240_0, 0, 1;
L_0x133139020 .concat [ 1 1 1 1], L_0x133137f90, L_0x1331387b0, L_0x133138130, L_0x133137400;
S_0x133118a00 .scope generate, "genblk1[0]" "genblk1[0]" 3 38, 3 38 0, S_0x1331058e0;
 .timescale 0 0;
P_0x133118bc0 .param/l "j" 1 3 38, +C4<00>;
S_0x133118c40 .scope generate, "genblk1" "genblk1" 3 39, 3 39 0, S_0x133118a00;
 .timescale 0 0;
v0x133127350_0 .array/port v0x133127350, 0;
L_0x133127c90 .functor BUFZ 4, v0x133127350_0, C4<0000>, C4<0000>, C4<0000>;
S_0x133118e00 .scope generate, "genblk1[1]" "genblk1[1]" 3 38, 3 38 0, S_0x1331058e0;
 .timescale 0 0;
P_0x133118fd0 .param/l "j" 1 3 38, +C4<01>;
S_0x133119070 .scope generate, "genblk1" "genblk1" 3 39, 3 39 0, S_0x133118e00;
 .timescale 0 0;
S_0x133119230 .scope module, "U_j" "GF_2_4_mult" 3 43, 5 1 0, S_0x133119070;
 .timescale 0 0;
    .port_info 0 /INPUT 4 "in1";
    .port_info 1 /INPUT 4 "in2";
    .port_info 2 /OUTPUT 4 "out";
L_0x133128430 .functor AND 1, L_0x133127d00, L_0x1331280a0, C4<1>, C4<1>;
L_0x133128540 .functor AND 1, L_0x133127e00, L_0x133128370, C4<1>, C4<1>;
L_0x133128630 .functor XOR 1, L_0x133128430, L_0x133128540, C4<0>, C4<0>;
L_0x133128720 .functor AND 1, L_0x133127ea0, L_0x133128250, C4<1>, C4<1>;
L_0x133128830 .functor XOR 1, L_0x133128630, L_0x133128720, C4<0>, C4<0>;
L_0x133128950 .functor AND 1, L_0x133128000, L_0x1331281b0, C4<1>, C4<1>;
L_0x133128a40 .functor XOR 1, L_0x133128830, L_0x133128950, C4<0>, C4<0>;
L_0x133128b70 .functor AND 1, L_0x133127d00, L_0x1331281b0, C4<1>, C4<1>;
L_0x133128be0 .functor AND 1, L_0x133127e00, L_0x1331280a0, C4<1>, C4<1>;
L_0x133128ca0 .functor XOR 1, L_0x133128b70, L_0x133128be0, C4<0>, C4<0>;
L_0x133128d90 .functor AND 1, L_0x133127e00, L_0x133128370, C4<1>, C4<1>;
L_0x133128ee0 .functor XOR 1, L_0x133128ca0, L_0x133128d90, C4<0>, C4<0>;
L_0x133128f90 .functor AND 1, L_0x133127ea0, L_0x133128250, C4<1>, C4<1>;
L_0x133129070 .functor XOR 1, L_0x133128ee0, L_0x133128f90, C4<0>, C4<0>;
L_0x133129140 .functor AND 1, L_0x133127ea0, L_0x133128370, C4<1>, C4<1>;
L_0x133129000 .functor XOR 1, L_0x133129070, L_0x133129140, C4<0>, C4<0>;
L_0x133129370 .functor AND 1, L_0x133128000, L_0x1331281b0, C4<1>, C4<1>;
L_0x1331294f0 .functor XOR 1, L_0x133129000, L_0x133129370, C4<0>, C4<0>;
L_0x133129560 .functor AND 1, L_0x133128000, L_0x133128250, C4<1>, C4<1>;
L_0x133129770 .functor XOR 1, L_0x1331294f0, L_0x133129560, C4<0>, C4<0>;
L_0x1331297e0 .functor AND 1, L_0x133127d00, L_0x133128250, C4<1>, C4<1>;
L_0x133129980 .functor AND 1, L_0x133127e00, L_0x1331281b0, C4<1>, C4<1>;
L_0x1331296d0 .functor XOR 1, L_0x1331297e0, L_0x133129980, C4<0>, C4<0>;
L_0x133129af0 .functor AND 1, L_0x133127ea0, L_0x1331280a0, C4<1>, C4<1>;
L_0x133129b60 .functor XOR 1, L_0x1331296d0, L_0x133129af0, C4<0>, C4<0>;
L_0x133129d00 .functor AND 1, L_0x133127ea0, L_0x133128370, C4<1>, C4<1>;
L_0x133129a30 .functor XOR 1, L_0x133129b60, L_0x133129d00, C4<0>, C4<0>;
L_0x133129ed0 .functor AND 1, L_0x133128000, L_0x133128250, C4<1>, C4<1>;
L_0x133129c30 .functor XOR 1, L_0x133129a30, L_0x133129ed0, C4<0>, C4<0>;
L_0x13312a0b0 .functor AND 1, L_0x133128000, L_0x133128370, C4<1>, C4<1>;
L_0x133129df0 .functor XOR 1, L_0x133129c30, L_0x13312a0b0, C4<0>, C4<0>;
L_0x13312a260 .functor AND 1, L_0x133127d00, L_0x133128370, C4<1>, C4<1>;
L_0x133129fc0 .functor AND 1, L_0x133127e00, L_0x133128250, C4<1>, C4<1>;
L_0x13312a160 .functor XOR 1, L_0x13312a260, L_0x133129fc0, C4<0>, C4<0>;
L_0x13312a3e0 .functor AND 1, L_0x133127ea0, L_0x1331281b0, C4<1>, C4<1>;
L_0x13312a2d0 .functor XOR 1, L_0x13312a160, L_0x13312a3e0, C4<0>, C4<0>;
L_0x13312a5b0 .functor AND 1, L_0x133128000, L_0x1331280a0, C4<1>, C4<1>;
L_0x13312a450 .functor XOR 1, L_0x13312a2d0, L_0x13312a5b0, C4<0>, C4<0>;
L_0x13312a750 .functor AND 1, L_0x133128000, L_0x133128370, C4<1>, C4<1>;
L_0x1331295d0 .functor XOR 1, L_0x13312a450, L_0x13312a750, C4<0>, C4<0>;
v0x133119470_0 .net *"_ivl_16", 0 0, L_0x133128430;  1 drivers
v0x133119530_0 .net *"_ivl_18", 0 0, L_0x133128540;  1 drivers
v0x1331195e0_0 .net *"_ivl_20", 0 0, L_0x133128630;  1 drivers
v0x1331196a0_0 .net *"_ivl_22", 0 0, L_0x133128720;  1 drivers
v0x133119750_0 .net *"_ivl_24", 0 0, L_0x133128830;  1 drivers
v0x133119840_0 .net *"_ivl_26", 0 0, L_0x133128950;  1 drivers
v0x1331198f0_0 .net *"_ivl_30", 0 0, L_0x133128b70;  1 drivers
v0x1331199a0_0 .net *"_ivl_32", 0 0, L_0x133128be0;  1 drivers
v0x133119a50_0 .net *"_ivl_34", 0 0, L_0x133128ca0;  1 drivers
v0x133119b60_0 .net *"_ivl_36", 0 0, L_0x133128d90;  1 drivers
v0x133119c10_0 .net *"_ivl_38", 0 0, L_0x133128ee0;  1 drivers
v0x133119cc0_0 .net *"_ivl_40", 0 0, L_0x133128f90;  1 drivers
v0x133119d70_0 .net *"_ivl_42", 0 0, L_0x133129070;  1 drivers
v0x133119e20_0 .net *"_ivl_44", 0 0, L_0x133129140;  1 drivers
v0x133119ed0_0 .net *"_ivl_46", 0 0, L_0x133129000;  1 drivers
v0x133119f80_0 .net *"_ivl_48", 0 0, L_0x133129370;  1 drivers
v0x13311a030_0 .net *"_ivl_50", 0 0, L_0x1331294f0;  1 drivers
v0x13311a1c0_0 .net *"_ivl_52", 0 0, L_0x133129560;  1 drivers
v0x13311a250_0 .net *"_ivl_56", 0 0, L_0x1331297e0;  1 drivers
v0x13311a300_0 .net *"_ivl_58", 0 0, L_0x133129980;  1 drivers
v0x13311a3b0_0 .net *"_ivl_60", 0 0, L_0x1331296d0;  1 drivers
v0x13311a460_0 .net *"_ivl_62", 0 0, L_0x133129af0;  1 drivers
v0x13311a510_0 .net *"_ivl_64", 0 0, L_0x133129b60;  1 drivers
v0x13311a5c0_0 .net *"_ivl_66", 0 0, L_0x133129d00;  1 drivers
v0x13311a670_0 .net *"_ivl_68", 0 0, L_0x133129a30;  1 drivers
v0x13311a720_0 .net *"_ivl_70", 0 0, L_0x133129ed0;  1 drivers
v0x13311a7d0_0 .net *"_ivl_72", 0 0, L_0x133129c30;  1 drivers
v0x13311a880_0 .net *"_ivl_74", 0 0, L_0x13312a0b0;  1 drivers
v0x13311a930_0 .net *"_ivl_78", 0 0, L_0x13312a260;  1 drivers
v0x13311a9e0_0 .net *"_ivl_80", 0 0, L_0x133129fc0;  1 drivers
v0x13311aa90_0 .net *"_ivl_82", 0 0, L_0x13312a160;  1 drivers
v0x13311ab40_0 .net *"_ivl_84", 0 0, L_0x13312a3e0;  1 drivers
v0x13311abf0_0 .net *"_ivl_86", 0 0, L_0x13312a2d0;  1 drivers
v0x13311a0e0_0 .net *"_ivl_88", 0 0, L_0x13312a5b0;  1 drivers
v0x13311ae80_0 .net *"_ivl_90", 0 0, L_0x13312a450;  1 drivers
v0x13311af10_0 .net *"_ivl_92", 0 0, L_0x13312a750;  1 drivers
v0x13311afb0_0 .net "a0", 0 0, L_0x133127d00;  1 drivers
v0x13311b050_0 .net "a1", 0 0, L_0x133127e00;  1 drivers
v0x13311b0f0_0 .net "a2", 0 0, L_0x133127ea0;  1 drivers
v0x13311b190_0 .net "a3", 0 0, L_0x133128000;  1 drivers
v0x13311b230_0 .net "b0", 0 0, L_0x1331280a0;  1 drivers
v0x13311b2d0_0 .net "b1", 0 0, L_0x1331281b0;  1 drivers
v0x13311b370_0 .net "b2", 0 0, L_0x133128250;  1 drivers
v0x13311b410_0 .net "b3", 0 0, L_0x133128370;  1 drivers
v0x13311b4b0_0 .net "c0", 0 0, L_0x133128a40;  1 drivers
v0x13311b550_0 .net "c1", 0 0, L_0x133129770;  1 drivers
v0x13311b5f0_0 .net "c2", 0 0, L_0x133129df0;  1 drivers
v0x13311b690_0 .net "c3", 0 0, L_0x1331295d0;  1 drivers
v0x133127350_1 .array/port v0x133127350, 1;
v0x13311b730_0 .net "in1", 3 0, v0x133127350_1;  1 drivers
v0x1331270e0_1 .array/port v0x1331270e0, 1;
v0x13311b7e0_0 .net "in2", 3 0, v0x1331270e0_1;  1 drivers
v0x13311b890_0 .net "out", 3 0, L_0x13312a660;  alias, 1 drivers
L_0x133127d00 .part v0x133127350_1, 3, 1;
L_0x133127e00 .part v0x133127350_1, 2, 1;
L_0x133127ea0 .part v0x133127350_1, 1, 1;
L_0x133128000 .part v0x133127350_1, 0, 1;
L_0x1331280a0 .part v0x1331270e0_1, 3, 1;
L_0x1331281b0 .part v0x1331270e0_1, 2, 1;
L_0x133128250 .part v0x1331270e0_1, 1, 1;
L_0x133128370 .part v0x1331270e0_1, 0, 1;
L_0x13312a660 .concat [ 1 1 1 1], L_0x1331295d0, L_0x133129df0, L_0x133129770, L_0x133128a40;
S_0x13311b990 .scope generate, "genblk1[2]" "genblk1[2]" 3 38, 3 38 0, S_0x1331058e0;
 .timescale 0 0;
P_0x13311bb40 .param/l "j" 1 3 38, +C4<010>;
S_0x13311bbc0 .scope generate, "genblk1" "genblk1" 3 39, 3 39 0, S_0x13311b990;
 .timescale 0 0;
S_0x13311bd80 .scope module, "U_j" "GF_2_4_mult" 3 43, 5 1 0, S_0x13311bbc0;
 .timescale 0 0;
    .port_info 0 /INPUT 4 "in1";
    .port_info 1 /INPUT 4 "in2";
    .port_info 2 /OUTPUT 4 "out";
L_0x13312b290 .functor AND 1, L_0x13312ac90, L_0x13312af90, C4<1>, C4<1>;
L_0x13312b380 .functor AND 1, L_0x13312ad30, L_0x13312b1f0, C4<1>, C4<1>;
L_0x13312b470 .functor XOR 1, L_0x13312b290, L_0x13312b380, C4<0>, C4<0>;
L_0x13312b560 .functor AND 1, L_0x13312add0, L_0x13312b0d0, C4<1>, C4<1>;
L_0x13312b670 .functor XOR 1, L_0x13312b470, L_0x13312b560, C4<0>, C4<0>;
L_0x13312b790 .functor AND 1, L_0x13312aef0, L_0x13312b030, C4<1>, C4<1>;
L_0x13312b880 .functor XOR 1, L_0x13312b670, L_0x13312b790, C4<0>, C4<0>;
L_0x13312b9b0 .functor AND 1, L_0x13312ac90, L_0x13312b030, C4<1>, C4<1>;
L_0x13312ba20 .functor AND 1, L_0x13312ad30, L_0x13312af90, C4<1>, C4<1>;
L_0x13312bae0 .functor XOR 1, L_0x13312b9b0, L_0x13312ba20, C4<0>, C4<0>;
L_0x13312bbd0 .functor AND 1, L_0x13312ad30, L_0x13312b1f0, C4<1>, C4<1>;
L_0x13312bd20 .functor XOR 1, L_0x13312bae0, L_0x13312bbd0, C4<0>, C4<0>;
L_0x13312bdd0 .functor AND 1, L_0x13312add0, L_0x13312b0d0, C4<1>, C4<1>;
L_0x13312beb0 .functor XOR 1, L_0x13312bd20, L_0x13312bdd0, C4<0>, C4<0>;
L_0x13312bf80 .functor AND 1, L_0x13312add0, L_0x13312b1f0, C4<1>, C4<1>;
L_0x13312be40 .functor XOR 1, L_0x13312beb0, L_0x13312bf80, C4<0>, C4<0>;
L_0x13312c1b0 .functor AND 1, L_0x13312aef0, L_0x13312b030, C4<1>, C4<1>;
L_0x13312c330 .functor XOR 1, L_0x13312be40, L_0x13312c1b0, C4<0>, C4<0>;
L_0x13312c3a0 .functor AND 1, L_0x13312aef0, L_0x13312b0d0, C4<1>, C4<1>;
L_0x13312c5b0 .functor XOR 1, L_0x13312c330, L_0x13312c3a0, C4<0>, C4<0>;
L_0x13312c620 .functor AND 1, L_0x13312ac90, L_0x13312b0d0, C4<1>, C4<1>;
L_0x13312c7c0 .functor AND 1, L_0x13312ad30, L_0x13312b030, C4<1>, C4<1>;
L_0x13312c510 .functor XOR 1, L_0x13312c620, L_0x13312c7c0, C4<0>, C4<0>;
L_0x13312c930 .functor AND 1, L_0x13312add0, L_0x13312af90, C4<1>, C4<1>;
L_0x13312c9a0 .functor XOR 1, L_0x13312c510, L_0x13312c930, C4<0>, C4<0>;
L_0x13312cb40 .functor AND 1, L_0x13312add0, L_0x13312b1f0, C4<1>, C4<1>;
L_0x13312c870 .functor XOR 1, L_0x13312c9a0, L_0x13312cb40, C4<0>, C4<0>;
L_0x13312cd10 .functor AND 1, L_0x13312aef0, L_0x13312b0d0, C4<1>, C4<1>;
L_0x13312ca70 .functor XOR 1, L_0x13312c870, L_0x13312cd10, C4<0>, C4<0>;
L_0x13312cef0 .functor AND 1, L_0x13312aef0, L_0x13312b1f0, C4<1>, C4<1>;
L_0x13312cc30 .functor XOR 1, L_0x13312ca70, L_0x13312cef0, C4<0>, C4<0>;
L_0x13312d0a0 .functor AND 1, L_0x13312ac90, L_0x13312b1f0, C4<1>, C4<1>;
L_0x13312ce00 .functor AND 1, L_0x13312ad30, L_0x13312b0d0, C4<1>, C4<1>;
L_0x13312cfa0 .functor XOR 1, L_0x13312d0a0, L_0x13312ce00, C4<0>, C4<0>;
L_0x13312d220 .functor AND 1, L_0x13312add0, L_0x13312b030, C4<1>, C4<1>;
L_0x13312d110 .functor XOR 1, L_0x13312cfa0, L_0x13312d220, C4<0>, C4<0>;
L_0x13312d3f0 .functor AND 1, L_0x13312aef0, L_0x13312af90, C4<1>, C4<1>;
L_0x13312d290 .functor XOR 1, L_0x13312d110, L_0x13312d3f0, C4<0>, C4<0>;
L_0x13312d590 .functor AND 1, L_0x13312aef0, L_0x13312b1f0, C4<1>, C4<1>;
L_0x13312c410 .functor XOR 1, L_0x13312d290, L_0x13312d590, C4<0>, C4<0>;
v0x13311bf90_0 .net *"_ivl_16", 0 0, L_0x13312b290;  1 drivers
v0x13311c040_0 .net *"_ivl_18", 0 0, L_0x13312b380;  1 drivers
v0x13311c0f0_0 .net *"_ivl_20", 0 0, L_0x13312b470;  1 drivers
v0x13311c1b0_0 .net *"_ivl_22", 0 0, L_0x13312b560;  1 drivers
v0x13311c260_0 .net *"_ivl_24", 0 0, L_0x13312b670;  1 drivers
v0x13311c350_0 .net *"_ivl_26", 0 0, L_0x13312b790;  1 drivers
v0x13311c400_0 .net *"_ivl_30", 0 0, L_0x13312b9b0;  1 drivers
v0x13311c4b0_0 .net *"_ivl_32", 0 0, L_0x13312ba20;  1 drivers
v0x13311c560_0 .net *"_ivl_34", 0 0, L_0x13312bae0;  1 drivers
v0x13311c670_0 .net *"_ivl_36", 0 0, L_0x13312bbd0;  1 drivers
v0x13311c720_0 .net *"_ivl_38", 0 0, L_0x13312bd20;  1 drivers
v0x13311c7d0_0 .net *"_ivl_40", 0 0, L_0x13312bdd0;  1 drivers
v0x13311c880_0 .net *"_ivl_42", 0 0, L_0x13312beb0;  1 drivers
v0x13311c930_0 .net *"_ivl_44", 0 0, L_0x13312bf80;  1 drivers
v0x13311c9e0_0 .net *"_ivl_46", 0 0, L_0x13312be40;  1 drivers
v0x13311ca90_0 .net *"_ivl_48", 0 0, L_0x13312c1b0;  1 drivers
v0x13311cb40_0 .net *"_ivl_50", 0 0, L_0x13312c330;  1 drivers
v0x13311ccd0_0 .net *"_ivl_52", 0 0, L_0x13312c3a0;  1 drivers
v0x13311cd60_0 .net *"_ivl_56", 0 0, L_0x13312c620;  1 drivers
v0x13311ce10_0 .net *"_ivl_58", 0 0, L_0x13312c7c0;  1 drivers
v0x13311cec0_0 .net *"_ivl_60", 0 0, L_0x13312c510;  1 drivers
v0x13311cf70_0 .net *"_ivl_62", 0 0, L_0x13312c930;  1 drivers
v0x13311d020_0 .net *"_ivl_64", 0 0, L_0x13312c9a0;  1 drivers
v0x13311d0d0_0 .net *"_ivl_66", 0 0, L_0x13312cb40;  1 drivers
v0x13311d180_0 .net *"_ivl_68", 0 0, L_0x13312c870;  1 drivers
v0x13311d230_0 .net *"_ivl_70", 0 0, L_0x13312cd10;  1 drivers
v0x13311d2e0_0 .net *"_ivl_72", 0 0, L_0x13312ca70;  1 drivers
v0x13311d390_0 .net *"_ivl_74", 0 0, L_0x13312cef0;  1 drivers
v0x13311d440_0 .net *"_ivl_78", 0 0, L_0x13312d0a0;  1 drivers
v0x13311d4f0_0 .net *"_ivl_80", 0 0, L_0x13312ce00;  1 drivers
v0x13311d5a0_0 .net *"_ivl_82", 0 0, L_0x13312cfa0;  1 drivers
v0x13311d650_0 .net *"_ivl_84", 0 0, L_0x13312d220;  1 drivers
v0x13311d700_0 .net *"_ivl_86", 0 0, L_0x13312d110;  1 drivers
v0x13311cbf0_0 .net *"_ivl_88", 0 0, L_0x13312d3f0;  1 drivers
v0x13311d990_0 .net *"_ivl_90", 0 0, L_0x13312d290;  1 drivers
v0x13311da20_0 .net *"_ivl_92", 0 0, L_0x13312d590;  1 drivers
v0x13311dac0_0 .net "a0", 0 0, L_0x13312ac90;  1 drivers
v0x13311db60_0 .net "a1", 0 0, L_0x13312ad30;  1 drivers
v0x13311dc00_0 .net "a2", 0 0, L_0x13312add0;  1 drivers
v0x13311dca0_0 .net "a3", 0 0, L_0x13312aef0;  1 drivers
v0x13311dd40_0 .net "b0", 0 0, L_0x13312af90;  1 drivers
v0x13311dde0_0 .net "b1", 0 0, L_0x13312b030;  1 drivers
v0x13311de80_0 .net "b2", 0 0, L_0x13312b0d0;  1 drivers
v0x13311df20_0 .net "b3", 0 0, L_0x13312b1f0;  1 drivers
v0x13311dfc0_0 .net "c0", 0 0, L_0x13312b880;  1 drivers
v0x13311e060_0 .net "c1", 0 0, L_0x13312c5b0;  1 drivers
v0x13311e100_0 .net "c2", 0 0, L_0x13312cc30;  1 drivers
v0x13311e1a0_0 .net "c3", 0 0, L_0x13312c410;  1 drivers
v0x133127350_2 .array/port v0x133127350, 2;
v0x13311e240_0 .net "in1", 3 0, v0x133127350_2;  1 drivers
v0x1331270e0_2 .array/port v0x1331270e0, 2;
v0x13311e2f0_0 .net "in2", 3 0, v0x1331270e0_2;  1 drivers
v0x13311e3a0_0 .net "out", 3 0, L_0x13312d4a0;  alias, 1 drivers
L_0x13312ac90 .part v0x133127350_2, 3, 1;
L_0x13312ad30 .part v0x133127350_2, 2, 1;
L_0x13312add0 .part v0x133127350_2, 1, 1;
L_0x13312aef0 .part v0x133127350_2, 0, 1;
L_0x13312af90 .part v0x1331270e0_2, 3, 1;
L_0x13312b030 .part v0x1331270e0_2, 2, 1;
L_0x13312b0d0 .part v0x1331270e0_2, 1, 1;
L_0x13312b1f0 .part v0x1331270e0_2, 0, 1;
L_0x13312d4a0 .concat [ 1 1 1 1], L_0x13312c410, L_0x13312cc30, L_0x13312c5b0, L_0x13312b880;
S_0x13311e4a0 .scope generate, "genblk2[0]" "genblk2[0]" 3 102, 3 102 0, S_0x1331058e0;
 .timescale 0 0;
P_0x13311e610 .param/l "j" 1 3 102, +C4<00>;
L_0x133130930 .functor XOR 4, v0x1331270e0_0, L_0x133130300, C4<0000>, C4<0000>;
S_0x13311e690 .scope module, "U_corr" "GF_2_4_mult" 3 103, 5 1 0, S_0x13311e4a0;
 .timescale 0 0;
    .port_info 0 /INPUT 4 "in1";
    .port_info 1 /INPUT 4 "in2";
    .port_info 2 /OUTPUT 4 "out";
L_0x13312e150 .functor AND 1, L_0x13312dad0, L_0x13312ddd0, C4<1>, C4<1>;
L_0x13312e1e0 .functor AND 1, L_0x13312db70, L_0x13312dfb0, C4<1>, C4<1>;
L_0x13312e2d0 .functor XOR 1, L_0x13312e150, L_0x13312e1e0, C4<0>, C4<0>;
L_0x13312e3c0 .functor AND 1, L_0x13312dc10, L_0x13312df10, C4<1>, C4<1>;
L_0x13312e4d0 .functor XOR 1, L_0x13312e2d0, L_0x13312e3c0, C4<0>, C4<0>;
L_0x13312e5f0 .functor AND 1, L_0x13312dd30, L_0x13312de70, C4<1>, C4<1>;
L_0x13312e6e0 .functor XOR 1, L_0x13312e4d0, L_0x13312e5f0, C4<0>, C4<0>;
L_0x13312e810 .functor AND 1, L_0x13312dad0, L_0x13312de70, C4<1>, C4<1>;
L_0x13312e880 .functor AND 1, L_0x13312db70, L_0x13312ddd0, C4<1>, C4<1>;
L_0x13312e940 .functor XOR 1, L_0x13312e810, L_0x13312e880, C4<0>, C4<0>;
L_0x13312ea30 .functor AND 1, L_0x13312db70, L_0x13312dfb0, C4<1>, C4<1>;
L_0x13312eb80 .functor XOR 1, L_0x13312e940, L_0x13312ea30, C4<0>, C4<0>;
L_0x13312ec30 .functor AND 1, L_0x13312dc10, L_0x13312df10, C4<1>, C4<1>;
L_0x13312ed10 .functor XOR 1, L_0x13312eb80, L_0x13312ec30, C4<0>, C4<0>;
L_0x13312ede0 .functor AND 1, L_0x13312dc10, L_0x13312dfb0, C4<1>, C4<1>;
L_0x13312eca0 .functor XOR 1, L_0x13312ed10, L_0x13312ede0, C4<0>, C4<0>;
L_0x13312f010 .functor AND 1, L_0x13312dd30, L_0x13312de70, C4<1>, C4<1>;
L_0x13312f190 .functor XOR 1, L_0x13312eca0, L_0x13312f010, C4<0>, C4<0>;
L_0x13312f200 .functor AND 1, L_0x13312dd30, L_0x13312df10, C4<1>, C4<1>;
L_0x13312f410 .functor XOR 1, L_0x13312f190, L_0x13312f200, C4<0>, C4<0>;
L_0x13312f480 .functor AND 1, L_0x13312dad0, L_0x13312df10, C4<1>, C4<1>;
L_0x13312f620 .functor AND 1, L_0x13312db70, L_0x13312de70, C4<1>, C4<1>;
L_0x13312f370 .functor XOR 1, L_0x13312f480, L_0x13312f620, C4<0>, C4<0>;
L_0x13312f790 .functor AND 1, L_0x13312dc10, L_0x13312ddd0, C4<1>, C4<1>;
L_0x13312f800 .functor XOR 1, L_0x13312f370, L_0x13312f790, C4<0>, C4<0>;
L_0x13312f9a0 .functor AND 1, L_0x13312dc10, L_0x13312dfb0, C4<1>, C4<1>;
L_0x13312f6d0 .functor XOR 1, L_0x13312f800, L_0x13312f9a0, C4<0>, C4<0>;
L_0x13312fb70 .functor AND 1, L_0x13312dd30, L_0x13312df10, C4<1>, C4<1>;
L_0x13312f8d0 .functor XOR 1, L_0x13312f6d0, L_0x13312fb70, C4<0>, C4<0>;
L_0x13312fd50 .functor AND 1, L_0x13312dd30, L_0x13312dfb0, C4<1>, C4<1>;
L_0x13312fa90 .functor XOR 1, L_0x13312f8d0, L_0x13312fd50, C4<0>, C4<0>;
L_0x13312ff00 .functor AND 1, L_0x13312dad0, L_0x13312dfb0, C4<1>, C4<1>;
L_0x13312fc60 .functor AND 1, L_0x13312db70, L_0x13312df10, C4<1>, C4<1>;
L_0x13312fe00 .functor XOR 1, L_0x13312ff00, L_0x13312fc60, C4<0>, C4<0>;
L_0x133130080 .functor AND 1, L_0x13312dc10, L_0x13312de70, C4<1>, C4<1>;
L_0x13312ff70 .functor XOR 1, L_0x13312fe00, L_0x133130080, C4<0>, C4<0>;
L_0x133130250 .functor AND 1, L_0x13312dd30, L_0x13312ddd0, C4<1>, C4<1>;
L_0x1331300f0 .functor XOR 1, L_0x13312ff70, L_0x133130250, C4<0>, C4<0>;
L_0x1331303f0 .functor AND 1, L_0x13312dd30, L_0x13312dfb0, C4<1>, C4<1>;
L_0x13312f270 .functor XOR 1, L_0x1331300f0, L_0x1331303f0, C4<0>, C4<0>;
v0x13311e8a0_0 .net *"_ivl_16", 0 0, L_0x13312e150;  1 drivers
v0x13311e960_0 .net *"_ivl_18", 0 0, L_0x13312e1e0;  1 drivers
v0x13311ea10_0 .net *"_ivl_20", 0 0, L_0x13312e2d0;  1 drivers
v0x13311ead0_0 .net *"_ivl_22", 0 0, L_0x13312e3c0;  1 drivers
v0x13311eb80_0 .net *"_ivl_24", 0 0, L_0x13312e4d0;  1 drivers
v0x13311ec70_0 .net *"_ivl_26", 0 0, L_0x13312e5f0;  1 drivers
v0x13311ed20_0 .net *"_ivl_30", 0 0, L_0x13312e810;  1 drivers
v0x13311edd0_0 .net *"_ivl_32", 0 0, L_0x13312e880;  1 drivers
v0x13311ee80_0 .net *"_ivl_34", 0 0, L_0x13312e940;  1 drivers
v0x13311ef90_0 .net *"_ivl_36", 0 0, L_0x13312ea30;  1 drivers
v0x13311f040_0 .net *"_ivl_38", 0 0, L_0x13312eb80;  1 drivers
v0x13311f0f0_0 .net *"_ivl_40", 0 0, L_0x13312ec30;  1 drivers
v0x13311f1a0_0 .net *"_ivl_42", 0 0, L_0x13312ed10;  1 drivers
v0x13311f250_0 .net *"_ivl_44", 0 0, L_0x13312ede0;  1 drivers
v0x13311f300_0 .net *"_ivl_46", 0 0, L_0x13312eca0;  1 drivers
v0x13311f3b0_0 .net *"_ivl_48", 0 0, L_0x13312f010;  1 drivers
v0x13311f460_0 .net *"_ivl_50", 0 0, L_0x13312f190;  1 drivers
v0x13311f5f0_0 .net *"_ivl_52", 0 0, L_0x13312f200;  1 drivers
v0x13311f680_0 .net *"_ivl_56", 0 0, L_0x13312f480;  1 drivers
v0x13311f730_0 .net *"_ivl_58", 0 0, L_0x13312f620;  1 drivers
v0x13311f7e0_0 .net *"_ivl_60", 0 0, L_0x13312f370;  1 drivers
v0x13311f890_0 .net *"_ivl_62", 0 0, L_0x13312f790;  1 drivers
v0x13311f940_0 .net *"_ivl_64", 0 0, L_0x13312f800;  1 drivers
v0x13311f9f0_0 .net *"_ivl_66", 0 0, L_0x13312f9a0;  1 drivers
v0x13311faa0_0 .net *"_ivl_68", 0 0, L_0x13312f6d0;  1 drivers
v0x13311fb50_0 .net *"_ivl_70", 0 0, L_0x13312fb70;  1 drivers
v0x13311fc00_0 .net *"_ivl_72", 0 0, L_0x13312f8d0;  1 drivers
v0x13311fcb0_0 .net *"_ivl_74", 0 0, L_0x13312fd50;  1 drivers
v0x13311fd60_0 .net *"_ivl_78", 0 0, L_0x13312ff00;  1 drivers
v0x13311fe10_0 .net *"_ivl_80", 0 0, L_0x13312fc60;  1 drivers
v0x13311fec0_0 .net *"_ivl_82", 0 0, L_0x13312fe00;  1 drivers
v0x13311ff70_0 .net *"_ivl_84", 0 0, L_0x133130080;  1 drivers
v0x133120020_0 .net *"_ivl_86", 0 0, L_0x13312ff70;  1 drivers
v0x13311f510_0 .net *"_ivl_88", 0 0, L_0x133130250;  1 drivers
v0x1331202b0_0 .net *"_ivl_90", 0 0, L_0x1331300f0;  1 drivers
v0x133120340_0 .net *"_ivl_92", 0 0, L_0x1331303f0;  1 drivers
v0x1331203e0_0 .net "a0", 0 0, L_0x13312dad0;  1 drivers
v0x133120480_0 .net "a1", 0 0, L_0x13312db70;  1 drivers
v0x133120520_0 .net "a2", 0 0, L_0x13312dc10;  1 drivers
v0x1331205c0_0 .net "a3", 0 0, L_0x13312dd30;  1 drivers
v0x133120660_0 .net "b0", 0 0, L_0x13312ddd0;  1 drivers
v0x133120700_0 .net "b1", 0 0, L_0x13312de70;  1 drivers
v0x1331207a0_0 .net "b2", 0 0, L_0x13312df10;  1 drivers
v0x133120840_0 .net "b3", 0 0, L_0x13312dfb0;  1 drivers
v0x1331208e0_0 .net "c0", 0 0, L_0x13312e6e0;  1 drivers
v0x133120980_0 .net "c1", 0 0, L_0x13312f410;  1 drivers
v0x133120a20_0 .net "c2", 0 0, L_0x13312fa90;  1 drivers
v0x133120ac0_0 .net "c3", 0 0, L_0x13312f270;  1 drivers
v0x133126f00_0 .array/port v0x133126f00, 0;
v0x133120b60_0 .net "in1", 3 0, v0x133126f00_0;  1 drivers
v0x133120c10_0 .net "in2", 3 0, L_0x133139020;  alias, 1 drivers
v0x133120cd0_0 .net "out", 3 0, L_0x133130300;  alias, 1 drivers
L_0x13312dad0 .part v0x133126f00_0, 3, 1;
L_0x13312db70 .part v0x133126f00_0, 2, 1;
L_0x13312dc10 .part v0x133126f00_0, 1, 1;
L_0x13312dd30 .part v0x133126f00_0, 0, 1;
L_0x13312ddd0 .part L_0x133139020, 3, 1;
L_0x13312de70 .part L_0x133139020, 2, 1;
L_0x13312df10 .part L_0x133139020, 1, 1;
L_0x13312dfb0 .part L_0x133139020, 0, 1;
L_0x133130300 .concat [ 1 1 1 1], L_0x13312f270, L_0x13312fa90, L_0x13312f410, L_0x13312e6e0;
S_0x133120d60 .scope generate, "genblk2[1]" "genblk2[1]" 3 102, 3 102 0, S_0x1331058e0;
 .timescale 0 0;
P_0x133120f20 .param/l "j" 1 3 102, +C4<01>;
L_0x1331337e0 .functor XOR 4, v0x1331270e0_1, L_0x1331331b0, C4<0000>, C4<0000>;
S_0x133120fb0 .scope module, "U_corr" "GF_2_4_mult" 3 103, 5 1 0, S_0x133120d60;
 .timescale 0 0;
    .port_info 0 /INPUT 4 "in1";
    .port_info 1 /INPUT 4 "in2";
    .port_info 2 /OUTPUT 4 "out";
L_0x133130f60 .functor AND 1, L_0x1331309a0, L_0x133130ca0, C4<1>, C4<1>;
L_0x133131090 .functor AND 1, L_0x133130a40, L_0x133130ea0, C4<1>, C4<1>;
L_0x133131180 .functor XOR 1, L_0x133130f60, L_0x133131090, C4<0>, C4<0>;
L_0x133131270 .functor AND 1, L_0x133130ae0, L_0x133130de0, C4<1>, C4<1>;
L_0x133131380 .functor XOR 1, L_0x133131180, L_0x133131270, C4<0>, C4<0>;
L_0x1331314a0 .functor AND 1, L_0x133130c00, L_0x133130d40, C4<1>, C4<1>;
L_0x133131590 .functor XOR 1, L_0x133131380, L_0x1331314a0, C4<0>, C4<0>;
L_0x1331316c0 .functor AND 1, L_0x1331309a0, L_0x133130d40, C4<1>, C4<1>;
L_0x133131730 .functor AND 1, L_0x133130a40, L_0x133130ca0, C4<1>, C4<1>;
L_0x1331317f0 .functor XOR 1, L_0x1331316c0, L_0x133131730, C4<0>, C4<0>;
L_0x1331318e0 .functor AND 1, L_0x133130a40, L_0x133130ea0, C4<1>, C4<1>;
L_0x133131a30 .functor XOR 1, L_0x1331317f0, L_0x1331318e0, C4<0>, C4<0>;
L_0x133131ae0 .functor AND 1, L_0x133130ae0, L_0x133130de0, C4<1>, C4<1>;
L_0x133131bc0 .functor XOR 1, L_0x133131a30, L_0x133131ae0, C4<0>, C4<0>;
L_0x133131c90 .functor AND 1, L_0x133130ae0, L_0x133130ea0, C4<1>, C4<1>;
L_0x133131b50 .functor XOR 1, L_0x133131bc0, L_0x133131c90, C4<0>, C4<0>;
L_0x133131ec0 .functor AND 1, L_0x133130c00, L_0x133130d40, C4<1>, C4<1>;
L_0x133132040 .functor XOR 1, L_0x133131b50, L_0x133131ec0, C4<0>, C4<0>;
L_0x1331320b0 .functor AND 1, L_0x133130c00, L_0x133130de0, C4<1>, C4<1>;
L_0x1331322c0 .functor XOR 1, L_0x133132040, L_0x1331320b0, C4<0>, C4<0>;
L_0x133132330 .functor AND 1, L_0x1331309a0, L_0x133130de0, C4<1>, C4<1>;
L_0x1331324d0 .functor AND 1, L_0x133130a40, L_0x133130d40, C4<1>, C4<1>;
L_0x133132220 .functor XOR 1, L_0x133132330, L_0x1331324d0, C4<0>, C4<0>;
L_0x133132640 .functor AND 1, L_0x133130ae0, L_0x133130ca0, C4<1>, C4<1>;
L_0x1331326b0 .functor XOR 1, L_0x133132220, L_0x133132640, C4<0>, C4<0>;
L_0x133132850 .functor AND 1, L_0x133130ae0, L_0x133130ea0, C4<1>, C4<1>;
L_0x133132580 .functor XOR 1, L_0x1331326b0, L_0x133132850, C4<0>, C4<0>;
L_0x133132a20 .functor AND 1, L_0x133130c00, L_0x133130de0, C4<1>, C4<1>;
L_0x133132780 .functor XOR 1, L_0x133132580, L_0x133132a20, C4<0>, C4<0>;
L_0x133132c00 .functor AND 1, L_0x133130c00, L_0x133130ea0, C4<1>, C4<1>;
L_0x133132940 .functor XOR 1, L_0x133132780, L_0x133132c00, C4<0>, C4<0>;
L_0x133132db0 .functor AND 1, L_0x1331309a0, L_0x133130ea0, C4<1>, C4<1>;
L_0x133132b10 .functor AND 1, L_0x133130a40, L_0x133130de0, C4<1>, C4<1>;
L_0x133132cb0 .functor XOR 1, L_0x133132db0, L_0x133132b10, C4<0>, C4<0>;
L_0x133132f30 .functor AND 1, L_0x133130ae0, L_0x133130d40, C4<1>, C4<1>;
L_0x133132e20 .functor XOR 1, L_0x133132cb0, L_0x133132f30, C4<0>, C4<0>;
L_0x133133100 .functor AND 1, L_0x133130c00, L_0x133130ca0, C4<1>, C4<1>;
L_0x133132fa0 .functor XOR 1, L_0x133132e20, L_0x133133100, C4<0>, C4<0>;
L_0x1331332a0 .functor AND 1, L_0x133130c00, L_0x133130ea0, C4<1>, C4<1>;
L_0x133132120 .functor XOR 1, L_0x133132fa0, L_0x1331332a0, C4<0>, C4<0>;
v0x1331211c0_0 .net *"_ivl_16", 0 0, L_0x133130f60;  1 drivers
v0x133121280_0 .net *"_ivl_18", 0 0, L_0x133131090;  1 drivers
v0x133121330_0 .net *"_ivl_20", 0 0, L_0x133131180;  1 drivers
v0x1331213f0_0 .net *"_ivl_22", 0 0, L_0x133131270;  1 drivers
v0x1331214a0_0 .net *"_ivl_24", 0 0, L_0x133131380;  1 drivers
v0x133121590_0 .net *"_ivl_26", 0 0, L_0x1331314a0;  1 drivers
v0x133121640_0 .net *"_ivl_30", 0 0, L_0x1331316c0;  1 drivers
v0x1331216f0_0 .net *"_ivl_32", 0 0, L_0x133131730;  1 drivers
v0x1331217a0_0 .net *"_ivl_34", 0 0, L_0x1331317f0;  1 drivers
v0x1331218b0_0 .net *"_ivl_36", 0 0, L_0x1331318e0;  1 drivers
v0x133121960_0 .net *"_ivl_38", 0 0, L_0x133131a30;  1 drivers
v0x133121a10_0 .net *"_ivl_40", 0 0, L_0x133131ae0;  1 drivers
v0x133121ac0_0 .net *"_ivl_42", 0 0, L_0x133131bc0;  1 drivers
v0x133121b70_0 .net *"_ivl_44", 0 0, L_0x133131c90;  1 drivers
v0x133121c20_0 .net *"_ivl_46", 0 0, L_0x133131b50;  1 drivers
v0x133121cd0_0 .net *"_ivl_48", 0 0, L_0x133131ec0;  1 drivers
v0x133121d80_0 .net *"_ivl_50", 0 0, L_0x133132040;  1 drivers
v0x133121f10_0 .net *"_ivl_52", 0 0, L_0x1331320b0;  1 drivers
v0x133121fa0_0 .net *"_ivl_56", 0 0, L_0x133132330;  1 drivers
v0x133122050_0 .net *"_ivl_58", 0 0, L_0x1331324d0;  1 drivers
v0x133122100_0 .net *"_ivl_60", 0 0, L_0x133132220;  1 drivers
v0x1331221b0_0 .net *"_ivl_62", 0 0, L_0x133132640;  1 drivers
v0x133122260_0 .net *"_ivl_64", 0 0, L_0x1331326b0;  1 drivers
v0x133122310_0 .net *"_ivl_66", 0 0, L_0x133132850;  1 drivers
v0x1331223c0_0 .net *"_ivl_68", 0 0, L_0x133132580;  1 drivers
v0x133122470_0 .net *"_ivl_70", 0 0, L_0x133132a20;  1 drivers
v0x133122520_0 .net *"_ivl_72", 0 0, L_0x133132780;  1 drivers
v0x1331225d0_0 .net *"_ivl_74", 0 0, L_0x133132c00;  1 drivers
v0x133122680_0 .net *"_ivl_78", 0 0, L_0x133132db0;  1 drivers
v0x133122730_0 .net *"_ivl_80", 0 0, L_0x133132b10;  1 drivers
v0x1331227e0_0 .net *"_ivl_82", 0 0, L_0x133132cb0;  1 drivers
v0x133122890_0 .net *"_ivl_84", 0 0, L_0x133132f30;  1 drivers
v0x133122940_0 .net *"_ivl_86", 0 0, L_0x133132e20;  1 drivers
v0x133121e30_0 .net *"_ivl_88", 0 0, L_0x133133100;  1 drivers
v0x133122bd0_0 .net *"_ivl_90", 0 0, L_0x133132fa0;  1 drivers
v0x133122c60_0 .net *"_ivl_92", 0 0, L_0x1331332a0;  1 drivers
v0x133122d00_0 .net "a0", 0 0, L_0x1331309a0;  1 drivers
v0x133122da0_0 .net "a1", 0 0, L_0x133130a40;  1 drivers
v0x133122e40_0 .net "a2", 0 0, L_0x133130ae0;  1 drivers
v0x133122ee0_0 .net "a3", 0 0, L_0x133130c00;  1 drivers
v0x133122f80_0 .net "b0", 0 0, L_0x133130ca0;  1 drivers
v0x133123020_0 .net "b1", 0 0, L_0x133130d40;  1 drivers
v0x1331230c0_0 .net "b2", 0 0, L_0x133130de0;  1 drivers
v0x133123160_0 .net "b3", 0 0, L_0x133130ea0;  1 drivers
v0x133123200_0 .net "c0", 0 0, L_0x133131590;  1 drivers
v0x1331232a0_0 .net "c1", 0 0, L_0x1331322c0;  1 drivers
v0x133123340_0 .net "c2", 0 0, L_0x133132940;  1 drivers
v0x1331233e0_0 .net "c3", 0 0, L_0x133132120;  1 drivers
v0x133126f00_1 .array/port v0x133126f00, 1;
v0x133123480_0 .net "in1", 3 0, v0x133126f00_1;  1 drivers
v0x133123530_0 .net "in2", 3 0, L_0x133139020;  alias, 1 drivers
v0x133123610_0 .net "out", 3 0, L_0x1331331b0;  alias, 1 drivers
L_0x1331309a0 .part v0x133126f00_1, 3, 1;
L_0x133130a40 .part v0x133126f00_1, 2, 1;
L_0x133130ae0 .part v0x133126f00_1, 1, 1;
L_0x133130c00 .part v0x133126f00_1, 0, 1;
L_0x133130ca0 .part L_0x133139020, 3, 1;
L_0x133130d40 .part L_0x133139020, 2, 1;
L_0x133130de0 .part L_0x133139020, 1, 1;
L_0x133130ea0 .part L_0x133139020, 0, 1;
L_0x1331331b0 .concat [ 1 1 1 1], L_0x133132120, L_0x133132940, L_0x1331322c0, L_0x133131590;
S_0x1331236a0 .scope generate, "genblk2[2]" "genblk2[2]" 3 102, 3 102 0, S_0x1331058e0;
 .timescale 0 0;
P_0x133123860 .param/l "j" 1 3 102, +C4<010>;
L_0x133136780 .functor XOR 4, v0x1331270e0_2, L_0x133136150, C4<0000>, C4<0000>;
S_0x1331238e0 .scope module, "U_corr" "GF_2_4_mult" 3 103, 5 1 0, S_0x1331236a0;
 .timescale 0 0;
    .port_info 0 /INPUT 4 "in1";
    .port_info 1 /INPUT 4 "in2";
    .port_info 2 /OUTPUT 4 "out";
L_0x13312e050 .functor AND 1, L_0x133133850, L_0x133133b50, C4<1>, C4<1>;
L_0x133134030 .functor AND 1, L_0x1331338f0, L_0x133133d30, C4<1>, C4<1>;
L_0x133134120 .functor XOR 1, L_0x13312e050, L_0x133134030, C4<0>, C4<0>;
L_0x133134210 .functor AND 1, L_0x133133990, L_0x133133c90, C4<1>, C4<1>;
L_0x133134320 .functor XOR 1, L_0x133134120, L_0x133134210, C4<0>, C4<0>;
L_0x133134440 .functor AND 1, L_0x133133ab0, L_0x133133bf0, C4<1>, C4<1>;
L_0x133134530 .functor XOR 1, L_0x133134320, L_0x133134440, C4<0>, C4<0>;
L_0x133134660 .functor AND 1, L_0x133133850, L_0x133133bf0, C4<1>, C4<1>;
L_0x1331346d0 .functor AND 1, L_0x1331338f0, L_0x133133b50, C4<1>, C4<1>;
L_0x133134790 .functor XOR 1, L_0x133134660, L_0x1331346d0, C4<0>, C4<0>;
L_0x133134880 .functor AND 1, L_0x1331338f0, L_0x133133d30, C4<1>, C4<1>;
L_0x1331349d0 .functor XOR 1, L_0x133134790, L_0x133134880, C4<0>, C4<0>;
L_0x133134a80 .functor AND 1, L_0x133133990, L_0x133133c90, C4<1>, C4<1>;
L_0x133134b60 .functor XOR 1, L_0x1331349d0, L_0x133134a80, C4<0>, C4<0>;
L_0x133134c30 .functor AND 1, L_0x133133990, L_0x133133d30, C4<1>, C4<1>;
L_0x133134af0 .functor XOR 1, L_0x133134b60, L_0x133134c30, C4<0>, C4<0>;
L_0x133134e60 .functor AND 1, L_0x133133ab0, L_0x133133bf0, C4<1>, C4<1>;
L_0x133134fe0 .functor XOR 1, L_0x133134af0, L_0x133134e60, C4<0>, C4<0>;
L_0x133135050 .functor AND 1, L_0x133133ab0, L_0x133133c90, C4<1>, C4<1>;
L_0x133135260 .functor XOR 1, L_0x133134fe0, L_0x133135050, C4<0>, C4<0>;
L_0x1331352d0 .functor AND 1, L_0x133133850, L_0x133133c90, C4<1>, C4<1>;
L_0x133135470 .functor AND 1, L_0x1331338f0, L_0x133133bf0, C4<1>, C4<1>;
L_0x1331351c0 .functor XOR 1, L_0x1331352d0, L_0x133135470, C4<0>, C4<0>;
L_0x1331355e0 .functor AND 1, L_0x133133990, L_0x133133b50, C4<1>, C4<1>;
L_0x133135650 .functor XOR 1, L_0x1331351c0, L_0x1331355e0, C4<0>, C4<0>;
L_0x1331357f0 .functor AND 1, L_0x133133990, L_0x133133d30, C4<1>, C4<1>;
L_0x133135520 .functor XOR 1, L_0x133135650, L_0x1331357f0, C4<0>, C4<0>;
L_0x1331359c0 .functor AND 1, L_0x133133ab0, L_0x133133c90, C4<1>, C4<1>;
L_0x133135720 .functor XOR 1, L_0x133135520, L_0x1331359c0, C4<0>, C4<0>;
L_0x133135ba0 .functor AND 1, L_0x133133ab0, L_0x133133d30, C4<1>, C4<1>;
L_0x1331358e0 .functor XOR 1, L_0x133135720, L_0x133135ba0, C4<0>, C4<0>;
L_0x133135d50 .functor AND 1, L_0x133133850, L_0x133133d30, C4<1>, C4<1>;
L_0x133135ab0 .functor AND 1, L_0x1331338f0, L_0x133133c90, C4<1>, C4<1>;
L_0x133135c50 .functor XOR 1, L_0x133135d50, L_0x133135ab0, C4<0>, C4<0>;
L_0x133135ed0 .functor AND 1, L_0x133133990, L_0x133133bf0, C4<1>, C4<1>;
L_0x133135dc0 .functor XOR 1, L_0x133135c50, L_0x133135ed0, C4<0>, C4<0>;
L_0x1331360a0 .functor AND 1, L_0x133133ab0, L_0x133133b50, C4<1>, C4<1>;
L_0x133135f40 .functor XOR 1, L_0x133135dc0, L_0x1331360a0, C4<0>, C4<0>;
L_0x133136240 .functor AND 1, L_0x133133ab0, L_0x133133d30, C4<1>, C4<1>;
L_0x1331350c0 .functor XOR 1, L_0x133135f40, L_0x133136240, C4<0>, C4<0>;
v0x133123af0_0 .net *"_ivl_16", 0 0, L_0x13312e050;  1 drivers
v0x133123bb0_0 .net *"_ivl_18", 0 0, L_0x133134030;  1 drivers
v0x133123c60_0 .net *"_ivl_20", 0 0, L_0x133134120;  1 drivers
v0x133123d20_0 .net *"_ivl_22", 0 0, L_0x133134210;  1 drivers
v0x133123dd0_0 .net *"_ivl_24", 0 0, L_0x133134320;  1 drivers
v0x133123ec0_0 .net *"_ivl_26", 0 0, L_0x133134440;  1 drivers
v0x133123f70_0 .net *"_ivl_30", 0 0, L_0x133134660;  1 drivers
v0x133124020_0 .net *"_ivl_32", 0 0, L_0x1331346d0;  1 drivers
v0x1331240d0_0 .net *"_ivl_34", 0 0, L_0x133134790;  1 drivers
v0x1331241e0_0 .net *"_ivl_36", 0 0, L_0x133134880;  1 drivers
v0x133124290_0 .net *"_ivl_38", 0 0, L_0x1331349d0;  1 drivers
v0x133124340_0 .net *"_ivl_40", 0 0, L_0x133134a80;  1 drivers
v0x1331243f0_0 .net *"_ivl_42", 0 0, L_0x133134b60;  1 drivers
v0x1331244a0_0 .net *"_ivl_44", 0 0, L_0x133134c30;  1 drivers
v0x133124550_0 .net *"_ivl_46", 0 0, L_0x133134af0;  1 drivers
v0x133124600_0 .net *"_ivl_48", 0 0, L_0x133134e60;  1 drivers
v0x1331246b0_0 .net *"_ivl_50", 0 0, L_0x133134fe0;  1 drivers
v0x133124840_0 .net *"_ivl_52", 0 0, L_0x133135050;  1 drivers
v0x1331248d0_0 .net *"_ivl_56", 0 0, L_0x1331352d0;  1 drivers
v0x133124980_0 .net *"_ivl_58", 0 0, L_0x133135470;  1 drivers
v0x133124a30_0 .net *"_ivl_60", 0 0, L_0x1331351c0;  1 drivers
v0x133124ae0_0 .net *"_ivl_62", 0 0, L_0x1331355e0;  1 drivers
v0x133124b90_0 .net *"_ivl_64", 0 0, L_0x133135650;  1 drivers
v0x133124c40_0 .net *"_ivl_66", 0 0, L_0x1331357f0;  1 drivers
v0x133124cf0_0 .net *"_ivl_68", 0 0, L_0x133135520;  1 drivers
v0x133124da0_0 .net *"_ivl_70", 0 0, L_0x1331359c0;  1 drivers
v0x133124e50_0 .net *"_ivl_72", 0 0, L_0x133135720;  1 drivers
v0x133124f00_0 .net *"_ivl_74", 0 0, L_0x133135ba0;  1 drivers
v0x133124fb0_0 .net *"_ivl_78", 0 0, L_0x133135d50;  1 drivers
v0x133125060_0 .net *"_ivl_80", 0 0, L_0x133135ab0;  1 drivers
v0x133125110_0 .net *"_ivl_82", 0 0, L_0x133135c50;  1 drivers
v0x1331251c0_0 .net *"_ivl_84", 0 0, L_0x133135ed0;  1 drivers
v0x133125270_0 .net *"_ivl_86", 0 0, L_0x133135dc0;  1 drivers
v0x133124760_0 .net *"_ivl_88", 0 0, L_0x1331360a0;  1 drivers
v0x133125500_0 .net *"_ivl_90", 0 0, L_0x133135f40;  1 drivers
v0x133125590_0 .net *"_ivl_92", 0 0, L_0x133136240;  1 drivers
v0x133125630_0 .net "a0", 0 0, L_0x133133850;  1 drivers
v0x1331256d0_0 .net "a1", 0 0, L_0x1331338f0;  1 drivers
v0x133125770_0 .net "a2", 0 0, L_0x133133990;  1 drivers
v0x133125810_0 .net "a3", 0 0, L_0x133133ab0;  1 drivers
v0x1331258b0_0 .net "b0", 0 0, L_0x133133b50;  1 drivers
v0x133125950_0 .net "b1", 0 0, L_0x133133bf0;  1 drivers
v0x1331259f0_0 .net "b2", 0 0, L_0x133133c90;  1 drivers
v0x133125a90_0 .net "b3", 0 0, L_0x133133d30;  1 drivers
v0x133125b30_0 .net "c0", 0 0, L_0x133134530;  1 drivers
v0x133125bd0_0 .net "c1", 0 0, L_0x133135260;  1 drivers
v0x133125c70_0 .net "c2", 0 0, L_0x1331358e0;  1 drivers
v0x133125d10_0 .net "c3", 0 0, L_0x1331350c0;  1 drivers
v0x133126f00_2 .array/port v0x133126f00, 2;
v0x133125db0_0 .net "in1", 3 0, v0x133126f00_2;  1 drivers
v0x133125e60_0 .net "in2", 3 0, L_0x133139020;  alias, 1 drivers
v0x133125f00_0 .net "out", 3 0, L_0x133136150;  alias, 1 drivers
L_0x133133850 .part v0x133126f00_2, 3, 1;
L_0x1331338f0 .part v0x133126f00_2, 2, 1;
L_0x133133990 .part v0x133126f00_2, 1, 1;
L_0x133133ab0 .part v0x133126f00_2, 0, 1;
L_0x133133b50 .part L_0x133139020, 3, 1;
L_0x133133bf0 .part L_0x133139020, 2, 1;
L_0x133133c90 .part L_0x133139020, 1, 1;
L_0x133133d30 .part L_0x133139020, 0, 1;
L_0x133136150 .concat [ 1 1 1 1], L_0x1331350c0, L_0x1331358e0, L_0x133135260, L_0x133134530;
S_0x133126000 .scope function.vec4.s48, "gf_str" "gf_str" 3 184, 3 184 0, S_0x1331058e0;
 .timescale 0 0;
; Variable gf_str is vec4 return value of scope S_0x133126000
v0x133126280_0 .var "val", 3 0;
TD_BM_interface.BM_INST.gf_str ;
    %load/vec4 v0x133126280_0;
    %dup/vec4;
    %pushi/vec4 0, 0, 4;
    %cmp/u;
    %jmp/1 T_0.0, 6;
    %dup/vec4;
    %pushi/vec4 8, 0, 4;
    %cmp/u;
    %jmp/1 T_0.1, 6;
    %dup/vec4;
    %pushi/vec4 4, 0, 4;
    %cmp/u;
    %jmp/1 T_0.2, 6;
    %dup/vec4;
    %pushi/vec4 2, 0, 4;
    %cmp/u;
    %jmp/1 T_0.3, 6;
    %dup/vec4;
    %pushi/vec4 1, 0, 4;
    %cmp/u;
    %jmp/1 T_0.4, 6;
    %dup/vec4;
    %pushi/vec4 12, 0, 4;
    %cmp/u;
    %jmp/1 T_0.5, 6;
    %dup/vec4;
    %pushi/vec4 6, 0, 4;
    %cmp/u;
    %jmp/1 T_0.6, 6;
    %dup/vec4;
    %pushi/vec4 3, 0, 4;
    %cmp/u;
    %jmp/1 T_0.7, 6;
    %dup/vec4;
    %pushi/vec4 13, 0, 4;
    %cmp/u;
    %jmp/1 T_0.8, 6;
    %dup/vec4;
    %pushi/vec4 10, 0, 4;
    %cmp/u;
    %jmp/1 T_0.9, 6;
    %dup/vec4;
    %pushi/vec4 5, 0, 4;
    %cmp/u;
    %jmp/1 T_0.10, 6;
    %dup/vec4;
    %pushi/vec4 14, 0, 4;
    %cmp/u;
    %jmp/1 T_0.11, 6;
    %dup/vec4;
    %pushi/vec4 7, 0, 4;
    %cmp/u;
    %jmp/1 T_0.12, 6;
    %dup/vec4;
    %pushi/vec4 15, 0, 4;
    %cmp/u;
    %jmp/1 T_0.13, 6;
    %dup/vec4;
    %pushi/vec4 11, 0, 4;
    %cmp/u;
    %jmp/1 T_0.14, 6;
    %dup/vec4;
    %pushi/vec4 9, 0, 4;
    %cmp/u;
    %jmp/1 T_0.15, 6;
    %pushi/vec4 4144928, 0, 32; draw_string_vec4
    %pushi/vec4 8224, 0, 16; draw_string_vec4
    %concat/vec4; draw_string_vec4
    %ret/vec4 0, 0, 48;  Assign to gf_str (store_vec4_to_lval)
    %jmp T_0.17;
T_0.0 ;
    %pushi/vec4 3153952, 0, 32; draw_string_vec4
    %pushi/vec4 8224, 0, 16; draw_string_vec4
    %concat/vec4; draw_string_vec4
    %ret/vec4 0, 0, 48;  Assign to gf_str (store_vec4_to_lval)
    %jmp T_0.17;
T_0.1 ;
    %pushi/vec4 6381104, 0, 32; draw_string_vec4
    %pushi/vec4 8224, 0, 16; draw_string_vec4
    %concat/vec4; draw_string_vec4
    %ret/vec4 0, 0, 48;  Assign to gf_str (store_vec4_to_lval)
    %jmp T_0.17;
T_0.2 ;
    %pushi/vec4 6381105, 0, 32; draw_string_vec4
    %pushi/vec4 8224, 0, 16; draw_string_vec4
    %concat/vec4; draw_string_vec4
    %ret/vec4 0, 0, 48;  Assign to gf_str (store_vec4_to_lval)
    %jmp T_0.17;
T_0.3 ;
    %pushi/vec4 6381106, 0, 32; draw_string_vec4
    %pushi/vec4 8224, 0, 16; draw_string_vec4
    %concat/vec4; draw_string_vec4
    %ret/vec4 0, 0, 48;  Assign to gf_str (store_vec4_to_lval)
    %jmp T_0.17;
T_0.4 ;
    %pushi/vec4 6381107, 0, 32; draw_string_vec4
    %pushi/vec4 8224, 0, 16; draw_string_vec4
    %concat/vec4; draw_string_vec4
    %ret/vec4 0, 0, 48;  Assign to gf_str (store_vec4_to_lval)
    %jmp T_0.17;
T_0.5 ;
    %pushi/vec4 6381108, 0, 32; draw_string_vec4
    %pushi/vec4 8224, 0, 16; draw_string_vec4
    %concat/vec4; draw_string_vec4
    %ret/vec4 0, 0, 48;  Assign to gf_str (store_vec4_to_lval)
    %jmp T_0.17;
T_0.6 ;
    %pushi/vec4 6381109, 0, 32; draw_string_vec4
    %pushi/vec4 8224, 0, 16; draw_string_vec4
    %concat/vec4; draw_string_vec4
    %ret/vec4 0, 0, 48;  Assign to gf_str (store_vec4_to_lval)
    %jmp T_0.17;
T_0.7 ;
    %pushi/vec4 6381110, 0, 32; draw_string_vec4
    %pushi/vec4 8224, 0, 16; draw_string_vec4
    %concat/vec4; draw_string_vec4
    %ret/vec4 0, 0, 48;  Assign to gf_str (store_vec4_to_lval)
    %jmp T_0.17;
T_0.8 ;
    %pushi/vec4 6381111, 0, 32; draw_string_vec4
    %pushi/vec4 8224, 0, 16; draw_string_vec4
    %concat/vec4; draw_string_vec4
    %ret/vec4 0, 0, 48;  Assign to gf_str (store_vec4_to_lval)
    %jmp T_0.17;
T_0.9 ;
    %pushi/vec4 6381112, 0, 32; draw_string_vec4
    %pushi/vec4 8224, 0, 16; draw_string_vec4
    %concat/vec4; draw_string_vec4
    %ret/vec4 0, 0, 48;  Assign to gf_str (store_vec4_to_lval)
    %jmp T_0.17;
T_0.10 ;
    %pushi/vec4 6381113, 0, 32; draw_string_vec4
    %pushi/vec4 8224, 0, 16; draw_string_vec4
    %concat/vec4; draw_string_vec4
    %ret/vec4 0, 0, 48;  Assign to gf_str (store_vec4_to_lval)
    %jmp T_0.17;
T_0.11 ;
    %pushi/vec4 6381105, 0, 32; draw_string_vec4
    %pushi/vec4 12320, 0, 16; draw_string_vec4
    %concat/vec4; draw_string_vec4
    %ret/vec4 0, 0, 48;  Assign to gf_str (store_vec4_to_lval)
    %jmp T_0.17;
T_0.12 ;
    %pushi/vec4 6381105, 0, 32; draw_string_vec4
    %pushi/vec4 12576, 0, 16; draw_string_vec4
    %concat/vec4; draw_string_vec4
    %ret/vec4 0, 0, 48;  Assign to gf_str (store_vec4_to_lval)
    %jmp T_0.17;
T_0.13 ;
    %pushi/vec4 6381105, 0, 32; draw_string_vec4
    %pushi/vec4 12832, 0, 16; draw_string_vec4
    %concat/vec4; draw_string_vec4
    %ret/vec4 0, 0, 48;  Assign to gf_str (store_vec4_to_lval)
    %jmp T_0.17;
T_0.14 ;
    %pushi/vec4 6381105, 0, 32; draw_string_vec4
    %pushi/vec4 13088, 0, 16; draw_string_vec4
    %concat/vec4; draw_string_vec4
    %ret/vec4 0, 0, 48;  Assign to gf_str (store_vec4_to_lval)
    %jmp T_0.17;
T_0.15 ;
    %pushi/vec4 6381105, 0, 32; draw_string_vec4
    %pushi/vec4 13344, 0, 16; draw_string_vec4
    %concat/vec4; draw_string_vec4
    %ret/vec4 0, 0, 48;  Assign to gf_str (store_vec4_to_lval)
    %jmp T_0.17;
T_0.17 ;
    %pop/vec4 1;
    %end;
    .scope S_0x133105f20;
T_1 ;
    %wait E_0x133106120;
    %load/vec4 v0x133106180_0;
    %dup/vec4;
    %pushi/vec4 0, 0, 4;
    %cmp/u;
    %jmp/1 T_1.0, 6;
    %dup/vec4;
    %pushi/vec4 8, 0, 4;
    %cmp/u;
    %jmp/1 T_1.1, 6;
    %dup/vec4;
    %pushi/vec4 4, 0, 4;
    %cmp/u;
    %jmp/1 T_1.2, 6;
    %dup/vec4;
    %pushi/vec4 2, 0, 4;
    %cmp/u;
    %jmp/1 T_1.3, 6;
    %dup/vec4;
    %pushi/vec4 1, 0, 4;
    %cmp/u;
    %jmp/1 T_1.4, 6;
    %dup/vec4;
    %pushi/vec4 12, 0, 4;
    %cmp/u;
    %jmp/1 T_1.5, 6;
    %dup/vec4;
    %pushi/vec4 6, 0, 4;
    %cmp/u;
    %jmp/1 T_1.6, 6;
    %dup/vec4;
    %pushi/vec4 3, 0, 4;
    %cmp/u;
    %jmp/1 T_1.7, 6;
    %dup/vec4;
    %pushi/vec4 13, 0, 4;
    %cmp/u;
    %jmp/1 T_1.8, 6;
    %dup/vec4;
    %pushi/vec4 10, 0, 4;
    %cmp/u;
    %jmp/1 T_1.9, 6;
    %dup/vec4;
    %pushi/vec4 5, 0, 4;
    %cmp/u;
    %jmp/1 T_1.10, 6;
    %dup/vec4;
    %pushi/vec4 14, 0, 4;
    %cmp/u;
    %jmp/1 T_1.11, 6;
    %dup/vec4;
    %pushi/vec4 7, 0, 4;
    %cmp/u;
    %jmp/1 T_1.12, 6;
    %dup/vec4;
    %pushi/vec4 15, 0, 4;
    %cmp/u;
    %jmp/1 T_1.13, 6;
    %dup/vec4;
    %pushi/vec4 11, 0, 4;
    %cmp/u;
    %jmp/1 T_1.14, 6;
    %dup/vec4;
    %pushi/vec4 9, 0, 4;
    %cmp/u;
    %jmp/1 T_1.15, 6;
    %pushi/vec4 0, 0, 4;
    %store/vec4 v0x133116240_0, 0, 4;
    %jmp T_1.17;
T_1.0 ;
    %pushi/vec4 0, 0, 4;
    %store/vec4 v0x133116240_0, 0, 4;
    %jmp T_1.17;
T_1.1 ;
    %pushi/vec4 8, 0, 4;
    %store/vec4 v0x133116240_0, 0, 4;
    %jmp T_1.17;
T_1.2 ;
    %pushi/vec4 9, 0, 4;
    %store/vec4 v0x133116240_0, 0, 4;
    %jmp T_1.17;
T_1.3 ;
    %pushi/vec4 11, 0, 4;
    %store/vec4 v0x133116240_0, 0, 4;
    %jmp T_1.17;
T_1.4 ;
    %pushi/vec4 15, 0, 4;
    %store/vec4 v0x133116240_0, 0, 4;
    %jmp T_1.17;
T_1.5 ;
    %pushi/vec4 7, 0, 4;
    %store/vec4 v0x133116240_0, 0, 4;
    %jmp T_1.17;
T_1.6 ;
    %pushi/vec4 14, 0, 4;
    %store/vec4 v0x133116240_0, 0, 4;
    %jmp T_1.17;
T_1.7 ;
    %pushi/vec4 5, 0, 4;
    %store/vec4 v0x133116240_0, 0, 4;
    %jmp T_1.17;
T_1.8 ;
    %pushi/vec4 10, 0, 4;
    %store/vec4 v0x133116240_0, 0, 4;
    %jmp T_1.17;
T_1.9 ;
    %pushi/vec4 13, 0, 4;
    %store/vec4 v0x133116240_0, 0, 4;
    %jmp T_1.17;
T_1.10 ;
    %pushi/vec4 3, 0, 4;
    %store/vec4 v0x133116240_0, 0, 4;
    %jmp T_1.17;
T_1.11 ;
    %pushi/vec4 6, 0, 4;
    %store/vec4 v0x133116240_0, 0, 4;
    %jmp T_1.17;
T_1.12 ;
    %pushi/vec4 12, 0, 4;
    %store/vec4 v0x133116240_0, 0, 4;
    %jmp T_1.17;
T_1.13 ;
    %pushi/vec4 1, 0, 4;
    %store/vec4 v0x133116240_0, 0, 4;
    %jmp T_1.17;
T_1.14 ;
    %pushi/vec4 2, 0, 4;
    %store/vec4 v0x133116240_0, 0, 4;
    %jmp T_1.17;
T_1.15 ;
    %pushi/vec4 4, 0, 4;
    %store/vec4 v0x133116240_0, 0, 4;
    %jmp T_1.17;
T_1.17 ;
    %pop/vec4 1;
    %jmp T_1;
    .thread T_1, $push;
    .scope S_0x1331058e0;
T_2 ;
    %wait E_0x133105e00;
    %load/vec4 v0x133126d00_0;
    %flag_set/vec4 8;
    %jmp/0xz  T_2.0, 8;
    %pushi/vec4 0, 0, 12;
    %assign/vec4 v0x133126e50_0, 0;
    %jmp T_2.1;
T_2.0 ;
    %load/vec4 v0x133126960_0;
    %flag_set/vec4 8;
    %jmp/0xz  T_2.2, 8;
    %pushi/vec4 0, 0, 32;
    %store/vec4 v0x133126b00_0, 0, 32;
T_2.4 ;
    %load/vec4 v0x133126b00_0;
    %cmpi/s 2, 0, 32;
    %flag_or 5, 4;
    %jmp/0xz T_2.5, 5;
    %ix/getv/s 4, v0x133126b00_0;
    %load/vec4a v0x1331270e0, 4;
    %ix/load 5, 0, 0;
    %load/vec4 v0x133126b00_0;
    %addi 1, 0, 32;
    %muli 4, 0, 32;
    %subi 1, 0, 32;
    %pad/s 34;
    %subi 3, 0, 34;
    %ix/vec4/s 4;
    %assign/vec4/off/d v0x133126e50_0, 4, 5;
    %load/vec4 v0x133126b00_0;
    %addi 1, 0, 32;
    %store/vec4 v0x133126b00_0, 0, 32;
    %jmp T_2.4;
T_2.5 ;
T_2.2 ;
T_2.1 ;
    %jmp T_2;
    .thread T_2;
    .scope S_0x1331058e0;
T_3 ;
    %wait E_0x133105bd0;
    %pushi/vec4 0, 0, 4;
    %store/vec4 v0x1331265f0_0, 0, 4;
    %pushi/vec4 0, 0, 32;
    %store/vec4 v0x133126b00_0, 0, 32;
T_3.0 ;
    %load/vec4 v0x133126b00_0;
    %cmpi/s 2, 0, 32;
    %flag_or 5, 4;
    %jmp/0xz T_3.1, 5;
    %load/vec4 v0x1331265f0_0;
    %ix/getv/s 4, v0x133126b00_0;
    %load/vec4a v0x133126c20, 4;
    %xor;
    %store/vec4 v0x1331265f0_0, 0, 4;
    %load/vec4 v0x133126b00_0;
    %addi 1, 0, 32;
    %store/vec4 v0x133126b00_0, 0, 32;
    %jmp T_3.0;
T_3.1 ;
    %jmp T_3;
    .thread T_3, $push;
    .scope S_0x1331058e0;
T_4 ;
    %wait E_0x133105ea0;
    %pushi/vec4 0, 0, 32;
    %store/vec4 v0x133126b00_0, 0, 32;
T_4.0 ;
    %load/vec4 v0x133126b00_0;
    %cmpi/s 2, 0, 32;
    %flag_or 5, 4;
    %jmp/0xz T_4.1, 5;
    %load/vec4 v0x133126b90_0;
    %pad/u 32;
    %cmpi/e 1, 0, 32;
    %flag_mov 8, 4;
    %jmp/0 T_4.2, 8;
    %ix/getv/s 4, v0x133126b00_0;
    %load/vec4a v0x1331270e0, 4;
    %jmp/1 T_4.3, 8;
T_4.2 ; End of true expr.
    %ix/getv/s 4, v0x133126b00_0;
    %load/vec4a v0x133126f00, 4;
    %jmp/0 T_4.3, 8;
 ; End of false expr.
    %blend;
T_4.3;
    %ix/getv/s 4, v0x133126b00_0;
    %store/vec4a v0x133127190, 4, 0;
    %load/vec4 v0x133126b00_0;
    %addi 1, 0, 32;
    %store/vec4 v0x133126b00_0, 0, 32;
    %jmp T_4.0;
T_4.1 ;
    %jmp T_4;
    .thread T_4, $push;
    .scope S_0x1331058e0;
T_5 ;
    %wait E_0x133105e50;
    %load/vec4 v0x1331265f0_0;
    %pad/u 32;
    %pushi/vec4 0, 0, 32;
    %cmp/ne;
    %flag_get/vec4 4;
    %store/vec4 v0x133126b90_0, 0, 1;
    %jmp T_5;
    .thread T_5, $push;
    .scope S_0x1331058e0;
T_6 ;
    %wait E_0x133105e00;
    %load/vec4 v0x133126d00_0;
    %flag_set/vec4 8;
    %jmp/0xz  T_6.0, 8;
    %pushi/vec4 0, 0, 1;
    %assign/vec4 v0x133126a70_0, 0;
    %jmp T_6.1;
T_6.0 ;
    %load/vec4 v0x133126960_0;
    %assign/vec4 v0x133126a70_0, 0;
T_6.1 ;
    %jmp T_6;
    .thread T_6;
    .scope S_0x1331058e0;
T_7 ;
    %wait E_0x133105e00;
    %load/vec4 v0x133126d00_0;
    %flag_set/vec4 8;
    %jmp/0xz  T_7.0, 8;
    %pushi/vec4 0, 0, 32;
    %store/vec4 v0x133126b00_0, 0, 32;
T_7.2 ;
    %load/vec4 v0x133126b00_0;
    %cmpi/s 2, 0, 32;
    %flag_or 5, 4;
    %jmp/0xz T_7.3, 5;
    %pushi/vec4 0, 0, 4;
    %ix/getv/s 3, v0x133126b00_0;
    %ix/load 4, 0, 0; Constant delay
    %assign/vec4/a/d v0x133127350, 0, 4;
    %pushi/vec4 0, 0, 4;
    %ix/getv/s 3, v0x133126b00_0;
    %ix/load 4, 0, 0; Constant delay
    %assign/vec4/a/d v0x1331270e0, 0, 4;
    %pushi/vec4 0, 0, 4;
    %ix/getv/s 3, v0x133126b00_0;
    %ix/load 4, 0, 0; Constant delay
    %assign/vec4/a/d v0x133126f00, 0, 4;
    %load/vec4 v0x133126b00_0;
    %addi 1, 0, 32;
    %store/vec4 v0x133126b00_0, 0, 32;
    %jmp T_7.2;
T_7.3 ;
    %pushi/vec4 0, 0, 2;
    %assign/vec4 v0x1331272b0_0, 0;
    %pushi/vec4 0, 0, 2;
    %assign/vec4 v0x133126560_0, 0;
    %pushi/vec4 8, 0, 4;
    %assign/vec4 v0x1331266c0_0, 0;
    %pushi/vec4 0, 0, 1;
    %assign/vec4 v0x133126960_0, 0;
    %jmp T_7.1;
T_7.0 ;
    %load/vec4 v0x1331272b0_0;
    %dup/vec4;
    %pushi/vec4 0, 0, 2;
    %cmp/u;
    %jmp/1 T_7.4, 6;
    %dup/vec4;
    %pushi/vec4 1, 0, 2;
    %cmp/u;
    %jmp/1 T_7.5, 6;
    %jmp T_7.6;
T_7.4 ;
    %load/vec4 v0x133127220_0;
    %flag_set/vec4 8;
    %jmp/0xz  T_7.7, 8;
    %pushi/vec4 1, 0, 2;
    %assign/vec4 v0x1331272b0_0, 0;
    %load/vec4 v0x133126310_0;
    %ix/load 3, 0, 0;
    %flag_set/imm 4, 0;
    %ix/load 4, 0, 0; Constant delay
    %assign/vec4/a/d v0x133127350, 0, 4;
    %pushi/vec4 8, 0, 4;
    %ix/load 3, 0, 0;
    %flag_set/imm 4, 0;
    %ix/load 4, 0, 0; Constant delay
    %assign/vec4/a/d v0x1331270e0, 0, 4;
    %pushi/vec4 1, 0, 32;
    %store/vec4 v0x133126b00_0, 0, 32;
T_7.9 ;
    %load/vec4 v0x133126b00_0;
    %cmpi/s 2, 0, 32;
    %flag_or 5, 4;
    %jmp/0xz T_7.10, 5;
    %pushi/vec4 0, 0, 4;
    %ix/getv/s 3, v0x133126b00_0;
    %ix/load 4, 0, 0; Constant delay
    %assign/vec4/a/d v0x133127350, 0, 4;
    %pushi/vec4 0, 0, 4;
    %ix/getv/s 3, v0x133126b00_0;
    %ix/load 4, 0, 0; Constant delay
    %assign/vec4/a/d v0x1331270e0, 0, 4;
    %load/vec4 v0x133126b00_0;
    %addi 1, 0, 32;
    %store/vec4 v0x133126b00_0, 0, 32;
    %jmp T_7.9;
T_7.10 ;
    %pushi/vec4 1, 0, 32;
    %store/vec4 v0x133126b00_0, 0, 32;
T_7.11 ;
    %load/vec4 v0x133126b00_0;
    %cmpi/s 2, 0, 32;
    %flag_or 5, 4;
    %jmp/0xz T_7.12, 5;
    %load/vec4 v0x133126b00_0;
    %cmpi/e 1, 0, 32;
    %jmp/0xz  T_7.13, 4;
    %pushi/vec4 8, 0, 4;
    %ix/getv/s 3, v0x133126b00_0;
    %ix/load 4, 0, 0; Constant delay
    %assign/vec4/a/d v0x133126f00, 0, 4;
    %jmp T_7.14;
T_7.13 ;
    %pushi/vec4 0, 0, 4;
    %ix/getv/s 3, v0x133126b00_0;
    %ix/load 4, 0, 0; Constant delay
    %assign/vec4/a/d v0x133126f00, 0, 4;
T_7.14 ;
    %load/vec4 v0x133126b00_0;
    %addi 1, 0, 32;
    %store/vec4 v0x133126b00_0, 0, 32;
    %jmp T_7.11;
T_7.12 ;
    %pushi/vec4 8, 0, 4;
    %assign/vec4 v0x1331266c0_0, 0;
T_7.7 ;
    %pushi/vec4 0, 0, 2;
    %assign/vec4 v0x133126560_0, 0;
    %pushi/vec4 0, 0, 1;
    %assign/vec4 v0x133126960_0, 0;
    %jmp T_7.6;
T_7.5 ;
    %load/vec4 v0x133126560_0;
    %pad/u 32;
    %cmpi/e 3, 0, 32;
    %jmp/0xz  T_7.15, 4;
    %pushi/vec4 0, 0, 2;
    %assign/vec4 v0x1331272b0_0, 0;
    %pushi/vec4 1, 0, 1;
    %assign/vec4 v0x133126960_0, 0;
T_7.15 ;
    %pushi/vec4 0, 0, 32;
    %store/vec4 v0x133126b00_0, 0, 32;
T_7.17 ;
    %load/vec4 v0x133126b00_0;
    %cmpi/s 2, 0, 32;
    %flag_or 5, 4;
    %jmp/0xz T_7.18, 5;
    %load/vec4 v0x133126b00_0;
    %cmpi/e 0, 0, 32;
    %jmp/0xz  T_7.19, 4;
    %load/vec4 v0x133126310_0;
    %ix/getv/s 3, v0x133126b00_0;
    %ix/load 4, 0, 0; Constant delay
    %assign/vec4/a/d v0x133127350, 0, 4;
    %pushi/vec4 0, 0, 4;
    %ix/getv/s 3, v0x133126b00_0;
    %ix/load 4, 0, 0; Constant delay
    %assign/vec4/a/d v0x133126f00, 0, 4;
    %jmp T_7.20;
T_7.19 ;
    %load/vec4 v0x133126b00_0;
    %subi 1, 0, 32;
    %ix/vec4/s 4;
    %load/vec4a v0x133127350, 4;
    %ix/getv/s 3, v0x133126b00_0;
    %ix/load 4, 0, 0; Constant delay
    %assign/vec4/a/d v0x133127350, 0, 4;
    %load/vec4 v0x133126b00_0;
    %subi 1, 0, 32;
    %ix/vec4/s 4;
    %load/vec4a v0x133127190, 4;
    %ix/getv/s 3, v0x133126b00_0;
    %ix/load 4, 0, 0; Constant delay
    %assign/vec4/a/d v0x133126f00, 0, 4;
T_7.20 ;
    %ix/getv/s 4, v0x133126b00_0;
    %load/vec4a v0x133126d90, 4;
    %ix/getv/s 3, v0x133126b00_0;
    %ix/load 4, 0, 0; Constant delay
    %assign/vec4/a/d v0x1331270e0, 0, 4;
    %load/vec4 v0x133126b90_0;
    %flag_set/vec4 8;
    %jmp/0xz  T_7.21, 8;
    %load/vec4 v0x1331265f0_0;
    %assign/vec4 v0x1331266c0_0, 0;
T_7.21 ;
    %load/vec4 v0x133126b00_0;
    %addi 1, 0, 32;
    %store/vec4 v0x133126b00_0, 0, 32;
    %jmp T_7.17;
T_7.18 ;
    %load/vec4 v0x133126560_0;
    %addi 1, 0, 2;
    %assign/vec4 v0x133126560_0, 0;
    %jmp T_7.6;
T_7.6 ;
    %pop/vec4 1;
T_7.1 ;
    %jmp T_7;
    .thread T_7;
    .scope S_0x1331054d0;
T_8 ;
    %wait E_0x133105e00;
    %load/vec4 v0x133127850_0;
    %flag_set/vec4 8;
    %jmp/0xz  T_8.0, 8;
    %pushi/vec4 0, 0, 2;
    %assign/vec4 v0x1331276f0_0, 0;
    %pushi/vec4 0, 0, 2;
    %assign/vec4 v0x133127a40_0, 0;
    %pushi/vec4 0, 0, 1;
    %assign/vec4 v0x1331274f0_0, 0;
    %pushi/vec4 0, 0, 4;
    %assign/vec4 v0x1331275b0_0, 0;
    %jmp T_8.1;
T_8.0 ;
    %load/vec4 v0x133127a40_0;
    %dup/vec4;
    %pushi/vec4 0, 0, 2;
    %cmp/u;
    %jmp/1 T_8.2, 6;
    %dup/vec4;
    %pushi/vec4 1, 0, 2;
    %cmp/u;
    %jmp/1 T_8.3, 6;
    %jmp T_8.4;
T_8.2 ;
    %load/vec4 v0x1331279b0_0;
    %flag_set/vec4 8;
    %jmp/0xz  T_8.5, 8;
    %pushi/vec4 1, 0, 2;
    %assign/vec4 v0x133127a40_0, 0;
    %pushi/vec4 1, 0, 1;
    %assign/vec4 v0x1331274f0_0, 0;
    %load/vec4 v0x133127b50_0;
    %load/vec4 v0x1331276f0_0;
    %pad/u 32;
    %addi 1, 0, 32;
    %muli 4, 0, 32;
    %subi 1, 0, 32;
    %pad/u 34;
    %subi 3, 0, 34;
    %part/s 4;
    %assign/vec4 v0x1331275b0_0, 0;
    %jmp T_8.6;
T_8.5 ;
    %pushi/vec4 0, 0, 1;
    %assign/vec4 v0x1331274f0_0, 0;
    %pushi/vec4 0, 0, 4;
    %assign/vec4 v0x1331275b0_0, 0;
T_8.6 ;
    %pushi/vec4 0, 0, 2;
    %assign/vec4 v0x1331276f0_0, 0;
    %jmp T_8.4;
T_8.3 ;
    %load/vec4 v0x1331276f0_0;
    %pad/u 32;
    %cmpi/e 3, 0, 32;
    %jmp/0xz  T_8.7, 4;
    %pushi/vec4 0, 0, 2;
    %assign/vec4 v0x133127a40_0, 0;
T_8.7 ;
    %load/vec4 v0x1331276f0_0;
    %addi 1, 0, 2;
    %assign/vec4 v0x1331276f0_0, 0;
    %load/vec4 v0x133127b50_0;
    %load/vec4 v0x1331276f0_0;
    %pad/u 32;
    %addi 1, 0, 32;
    %muli 4, 0, 32;
    %subi 1, 0, 32;
    %pad/u 34;
    %subi 3, 0, 34;
    %part/s 4;
    %assign/vec4 v0x1331275b0_0, 0;
    %jmp T_8.4;
T_8.4 ;
    %pop/vec4 1;
T_8.1 ;
    %jmp T_8;
    .thread T_8;
# The file index is used to find the file name in the following table.
:file_names 6;
    "N/A";
    "<interactive>";
    "BM_interface.v";
    "./BM_top.v";
    "./GF_2_4_inv.v";
    "./GF_2_4_mult.v";
