#! /opt/homebrew/Cellar/icarus-verilog/12.0/bin/vvp
:ivl_version "12.0 (stable)";
:ivl_delay_selection "TYPICAL";
:vpi_time_precision + 0;
:vpi_module "/opt/homebrew/Cellar/icarus-verilog/12.0/lib/ivl/system.vpi";
:vpi_module "/opt/homebrew/Cellar/icarus-verilog/12.0/lib/ivl/vhdl_sys.vpi";
:vpi_module "/opt/homebrew/Cellar/icarus-verilog/12.0/lib/ivl/vhdl_textio.vpi";
:vpi_module "/opt/homebrew/Cellar/icarus-verilog/12.0/lib/ivl/v2005_math.vpi";
:vpi_module "/opt/homebrew/Cellar/icarus-verilog/12.0/lib/ivl/va_math.vpi";
S_0x14160cde0 .scope module, "root_to_coeff_comb" "root_to_coeff_comb" 2 10;
 .timescale 0 0;
    .port_info 0 /INPUT 8 "roots";
    .port_info 1 /INPUT 2 "num_found";
    .port_info 2 /OUTPUT 12 "poly";
P_0x14161abf0 .param/l "M" 0 2 10, +C4<00000000000000000000000000000100>;
P_0x14161ac30 .param/l "T" 0 2 10, +C4<00000000000000000000000000000010>;
L_0x148050058 .functor BUFT 1, C4<xxxx>, C4<0>, C4<0>, C4<0>;
L_0x14163e8e0 .functor XOR 4, L_0x14163e760, L_0x148050058, C4<0000>, C4<0000>;
L_0x148050010 .functor BUFT 1, C4<xx>, C4<0>, C4<0>, C4<0>;
v0x14163d0d0_0 .net *"_ivl_1", 1 0, L_0x148050010;  1 drivers
v0x14163d170_0 .net *"_ivl_10", 31 0, L_0x1416446e0;  1 drivers
L_0x1480500a0 .functor BUFT 1, C4<000000000000000000000000000000>, C4<0>, C4<0>, C4<0>;
v0x14163d210_0 .net *"_ivl_13", 29 0, L_0x1480500a0;  1 drivers
L_0x1480500e8 .functor BUFT 1, C4<00000000000000000000000000000010>, C4<0>, C4<0>, C4<0>;
v0x14163d2c0_0 .net/2u *"_ivl_14", 31 0, L_0x1480500e8;  1 drivers
v0x14163d370_0 .net *"_ivl_16", 0 0, L_0x1416447f0;  1 drivers
v0x14163d450_0 .net *"_ivl_18", 31 0, L_0x141644910;  1 drivers
L_0x148050130 .functor BUFT 1, C4<000000000000000000000000000000>, C4<0>, C4<0>, C4<0>;
v0x14163d500_0 .net *"_ivl_21", 29 0, L_0x148050130;  1 drivers
L_0x148050178 .functor BUFT 1, C4<00000000000000000000000000000001>, C4<0>, C4<0>, C4<0>;
v0x14163d5b0_0 .net/2u *"_ivl_22", 31 0, L_0x148050178;  1 drivers
v0x14163d660_0 .net *"_ivl_24", 0 0, L_0x141644a60;  1 drivers
L_0x1480501c0 .functor BUFT 1, C4<0000>, C4<0>, C4<0>, C4<0>;
v0x14163d770_0 .net/2u *"_ivl_26", 3 0, L_0x1480501c0;  1 drivers
v0x14163d810_0 .net *"_ivl_28", 3 0, L_0x141644b80;  1 drivers
v0x14163d8c0_0 .net *"_ivl_3", 1 0, L_0x14163e680;  1 drivers
v0x14163d970_0 .net *"_ivl_32", 31 0, L_0x141644e40;  1 drivers
L_0x148050208 .functor BUFT 1, C4<000000000000000000000000000000>, C4<0>, C4<0>, C4<0>;
v0x14163da20_0 .net *"_ivl_35", 29 0, L_0x148050208;  1 drivers
L_0x148050250 .functor BUFT 1, C4<00000000000000000000000000000010>, C4<0>, C4<0>, C4<0>;
v0x14163dad0_0 .net/2u *"_ivl_36", 31 0, L_0x148050250;  1 drivers
v0x14163db80_0 .net *"_ivl_38", 0 0, L_0x141645030;  1 drivers
L_0x148050298 .functor BUFT 1, C4<0000>, C4<0>, C4<0>, C4<0>;
v0x14163dc20_0 .net/2u *"_ivl_40", 3 0, L_0x148050298;  1 drivers
L_0x1480502e0 .functor BUFT 1, C4<1000>, C4<0>, C4<0>, C4<0>;
v0x14163ddb0_0 .net/2u *"_ivl_44", 3 0, L_0x1480502e0;  1 drivers
v0x14163de40_0 .net "a1", 3 0, L_0x14163e760;  1 drivers
v0x14163df20_0 .net "a1_inv", 3 0, v0x141637e80_0;  1 drivers
v0x14163dfb0_0 .net "a2", 3 0, L_0x148050058;  1 drivers
v0x14163e040_0 .net "c1", 3 0, L_0x141644d20;  1 drivers
v0x14163e0d0_0 .net "c2", 3 0, L_0x1416450d0;  1 drivers
o0x148019900 .functor BUFZ 2, C4<zz>; HiZ drive
v0x14163e160_0 .net "num_found", 1 0, o0x148019900;  0 drivers
v0x14163e1f0_0 .net "poly", 11 0, L_0x141645210;  1 drivers
v0x14163e2a0_0 .net "prod", 3 0, L_0x1416412d0;  1 drivers
v0x14163e380_0 .net "prod_inv", 3 0, v0x141638250_0;  1 drivers
o0x148019960 .functor BUFZ 8, C4<zzzzzzzz>; HiZ drive
v0x14163e460_0 .net "roots", 7 0, o0x148019960;  0 drivers
v0x14163e4f0_0 .net "sum", 3 0, L_0x14163e8e0;  1 drivers
v0x14163e590_0 .net "sum_prod_inv", 3 0, L_0x1416440b0;  1 drivers
L_0x14163e680 .part o0x148019900, 0, 2;
L_0x14163e760 .concat [ 2 2 0 0], L_0x14163e680, L_0x148050010;
L_0x1416446e0 .concat [ 2 30 0 0], o0x148019900, L_0x1480500a0;
L_0x1416447f0 .cmp/eq 32, L_0x1416446e0, L_0x1480500e8;
L_0x141644910 .concat [ 2 30 0 0], o0x148019900, L_0x148050130;
L_0x141644a60 .cmp/eq 32, L_0x141644910, L_0x148050178;
L_0x141644b80 .functor MUXZ 4, L_0x1480501c0, v0x141637e80_0, L_0x141644a60, C4<>;
L_0x141644d20 .functor MUXZ 4, L_0x141644b80, L_0x1416440b0, L_0x1416447f0, C4<>;
L_0x141644e40 .concat [ 2 30 0 0], o0x148019900, L_0x148050208;
L_0x141645030 .cmp/eq 32, L_0x141644e40, L_0x148050250;
L_0x1416450d0 .functor MUXZ 4, L_0x148050298, v0x141638250_0, L_0x141645030, C4<>;
L_0x141645210 .concat [ 4 4 4 0], L_0x1416450d0, L_0x141644d20, L_0x1480502e0;
S_0x14160c1a0 .scope module, "INV_A1" "GF_2_4_inv" 2 30, 3 1 0, S_0x14160cde0;
 .timescale 0 0;
    .port_info 0 /INPUT 4 "in";
    .port_info 1 /OUTPUT 4 "out";
v0x14161b8e0_0 .net "in", 3 0, L_0x14163e760;  alias, 1 drivers
v0x141637e80_0 .var "out", 3 0;
E_0x14161a7d0 .event anyedge, v0x14161b8e0_0;
S_0x141637f40 .scope module, "INV_PROD" "GF_2_4_inv" 2 27, 3 1 0, S_0x14160cde0;
 .timescale 0 0;
    .port_info 0 /INPUT 4 "in";
    .port_info 1 /OUTPUT 4 "out";
v0x141638190_0 .net "in", 3 0, L_0x1416412d0;  alias, 1 drivers
v0x141638250_0 .var "out", 3 0;
E_0x141638130 .event anyedge, v0x141638190_0;
S_0x141638330 .scope module, "MULT_PROD" "GF_2_4_mult" 2 26, 4 1 0, S_0x14160cde0;
 .timescale 0 0;
    .port_info 0 /INPUT 4 "in1";
    .port_info 1 /INPUT 4 "in2";
    .port_info 2 /OUTPUT 4 "out";
L_0x14163f0a0 .functor AND 1, L_0x14163ea10, L_0x14163ed90, C4<1>, C4<1>;
L_0x14163f1b0 .functor AND 1, L_0x14163eab0, L_0x14163f000, C4<1>, C4<1>;
L_0x14163f2a0 .functor XOR 1, L_0x14163f0a0, L_0x14163f1b0, C4<0>, C4<0>;
L_0x14163f390 .functor AND 1, L_0x14163eb50, L_0x14163ef20, C4<1>, C4<1>;
L_0x14163f4a0 .functor XOR 1, L_0x14163f2a0, L_0x14163f390, C4<0>, C4<0>;
L_0x14163f5c0 .functor AND 1, L_0x14163ebf0, L_0x14163ee80, C4<1>, C4<1>;
L_0x14163f6b0 .functor XOR 1, L_0x14163f4a0, L_0x14163f5c0, C4<0>, C4<0>;
L_0x14163f7e0 .functor AND 1, L_0x14163ea10, L_0x14163ee80, C4<1>, C4<1>;
L_0x14163f850 .functor AND 1, L_0x14163eab0, L_0x14163ed90, C4<1>, C4<1>;
L_0x14163f910 .functor XOR 1, L_0x14163f7e0, L_0x14163f850, C4<0>, C4<0>;
L_0x14163fa00 .functor AND 1, L_0x14163eab0, L_0x14163f000, C4<1>, C4<1>;
L_0x14163fb50 .functor XOR 1, L_0x14163f910, L_0x14163fa00, C4<0>, C4<0>;
L_0x14163fc00 .functor AND 1, L_0x14163eb50, L_0x14163ef20, C4<1>, C4<1>;
L_0x14163fce0 .functor XOR 1, L_0x14163fb50, L_0x14163fc00, C4<0>, C4<0>;
L_0x14163fdb0 .functor AND 1, L_0x14163eb50, L_0x14163f000, C4<1>, C4<1>;
L_0x14163fc70 .functor XOR 1, L_0x14163fce0, L_0x14163fdb0, C4<0>, C4<0>;
L_0x14163ffe0 .functor AND 1, L_0x14163ebf0, L_0x14163ee80, C4<1>, C4<1>;
L_0x141640160 .functor XOR 1, L_0x14163fc70, L_0x14163ffe0, C4<0>, C4<0>;
L_0x1416401d0 .functor AND 1, L_0x14163ebf0, L_0x14163ef20, C4<1>, C4<1>;
L_0x1416403e0 .functor XOR 1, L_0x141640160, L_0x1416401d0, C4<0>, C4<0>;
L_0x141640450 .functor AND 1, L_0x14163ea10, L_0x14163ef20, C4<1>, C4<1>;
L_0x1416405f0 .functor AND 1, L_0x14163eab0, L_0x14163ee80, C4<1>, C4<1>;
L_0x141640340 .functor XOR 1, L_0x141640450, L_0x1416405f0, C4<0>, C4<0>;
L_0x141640760 .functor AND 1, L_0x14163eb50, L_0x14163ed90, C4<1>, C4<1>;
L_0x1416407d0 .functor XOR 1, L_0x141640340, L_0x141640760, C4<0>, C4<0>;
L_0x141640970 .functor AND 1, L_0x14163eb50, L_0x14163f000, C4<1>, C4<1>;
L_0x1416406a0 .functor XOR 1, L_0x1416407d0, L_0x141640970, C4<0>, C4<0>;
L_0x141640b40 .functor AND 1, L_0x14163ebf0, L_0x14163ef20, C4<1>, C4<1>;
L_0x1416408a0 .functor XOR 1, L_0x1416406a0, L_0x141640b40, C4<0>, C4<0>;
L_0x141640d20 .functor AND 1, L_0x14163ebf0, L_0x14163f000, C4<1>, C4<1>;
L_0x141640a60 .functor XOR 1, L_0x1416408a0, L_0x141640d20, C4<0>, C4<0>;
L_0x141640ed0 .functor AND 1, L_0x14163ea10, L_0x14163f000, C4<1>, C4<1>;
L_0x141640c30 .functor AND 1, L_0x14163eab0, L_0x14163ef20, C4<1>, C4<1>;
L_0x141640dd0 .functor XOR 1, L_0x141640ed0, L_0x141640c30, C4<0>, C4<0>;
L_0x141641050 .functor AND 1, L_0x14163eb50, L_0x14163ee80, C4<1>, C4<1>;
L_0x141640f40 .functor XOR 1, L_0x141640dd0, L_0x141641050, C4<0>, C4<0>;
L_0x141641220 .functor AND 1, L_0x14163ebf0, L_0x14163ed90, C4<1>, C4<1>;
L_0x1416410c0 .functor XOR 1, L_0x141640f40, L_0x141641220, C4<0>, C4<0>;
L_0x1416413c0 .functor AND 1, L_0x14163ebf0, L_0x14163f000, C4<1>, C4<1>;
L_0x141640240 .functor XOR 1, L_0x1416410c0, L_0x1416413c0, C4<0>, C4<0>;
v0x141638580_0 .net *"_ivl_16", 0 0, L_0x14163f0a0;  1 drivers
v0x141638620_0 .net *"_ivl_18", 0 0, L_0x14163f1b0;  1 drivers
v0x1416386d0_0 .net *"_ivl_20", 0 0, L_0x14163f2a0;  1 drivers
v0x141638790_0 .net *"_ivl_22", 0 0, L_0x14163f390;  1 drivers
v0x141638840_0 .net *"_ivl_24", 0 0, L_0x14163f4a0;  1 drivers
v0x141638930_0 .net *"_ivl_26", 0 0, L_0x14163f5c0;  1 drivers
v0x1416389e0_0 .net *"_ivl_30", 0 0, L_0x14163f7e0;  1 drivers
v0x141638a90_0 .net *"_ivl_32", 0 0, L_0x14163f850;  1 drivers
v0x141638b40_0 .net *"_ivl_34", 0 0, L_0x14163f910;  1 drivers
v0x141638c50_0 .net *"_ivl_36", 0 0, L_0x14163fa00;  1 drivers
v0x141638d00_0 .net *"_ivl_38", 0 0, L_0x14163fb50;  1 drivers
v0x141638db0_0 .net *"_ivl_40", 0 0, L_0x14163fc00;  1 drivers
v0x141638e60_0 .net *"_ivl_42", 0 0, L_0x14163fce0;  1 drivers
v0x141638f10_0 .net *"_ivl_44", 0 0, L_0x14163fdb0;  1 drivers
v0x141638fc0_0 .net *"_ivl_46", 0 0, L_0x14163fc70;  1 drivers
v0x141639070_0 .net *"_ivl_48", 0 0, L_0x14163ffe0;  1 drivers
v0x141639120_0 .net *"_ivl_50", 0 0, L_0x141640160;  1 drivers
v0x1416392b0_0 .net *"_ivl_52", 0 0, L_0x1416401d0;  1 drivers
v0x141639340_0 .net *"_ivl_56", 0 0, L_0x141640450;  1 drivers
v0x1416393f0_0 .net *"_ivl_58", 0 0, L_0x1416405f0;  1 drivers
v0x1416394a0_0 .net *"_ivl_60", 0 0, L_0x141640340;  1 drivers
v0x141639550_0 .net *"_ivl_62", 0 0, L_0x141640760;  1 drivers
v0x141639600_0 .net *"_ivl_64", 0 0, L_0x1416407d0;  1 drivers
v0x1416396b0_0 .net *"_ivl_66", 0 0, L_0x141640970;  1 drivers
v0x141639760_0 .net *"_ivl_68", 0 0, L_0x1416406a0;  1 drivers
v0x141639810_0 .net *"_ivl_70", 0 0, L_0x141640b40;  1 drivers
v0x1416398c0_0 .net *"_ivl_72", 0 0, L_0x1416408a0;  1 drivers
v0x141639970_0 .net *"_ivl_74", 0 0, L_0x141640d20;  1 drivers
v0x141639a20_0 .net *"_ivl_78", 0 0, L_0x141640ed0;  1 drivers
v0x141639ad0_0 .net *"_ivl_80", 0 0, L_0x141640c30;  1 drivers
v0x141639b80_0 .net *"_ivl_82", 0 0, L_0x141640dd0;  1 drivers
v0x141639c30_0 .net *"_ivl_84", 0 0, L_0x141641050;  1 drivers
v0x141639ce0_0 .net *"_ivl_86", 0 0, L_0x141640f40;  1 drivers
v0x1416391d0_0 .net *"_ivl_88", 0 0, L_0x141641220;  1 drivers
v0x141639f70_0 .net *"_ivl_90", 0 0, L_0x1416410c0;  1 drivers
v0x14163a000_0 .net *"_ivl_92", 0 0, L_0x1416413c0;  1 drivers
v0x14163a0a0_0 .net "a0", 0 0, L_0x14163ea10;  1 drivers
v0x14163a140_0 .net "a1", 0 0, L_0x14163eab0;  1 drivers
v0x14163a1e0_0 .net "a2", 0 0, L_0x14163eb50;  1 drivers
v0x14163a280_0 .net "a3", 0 0, L_0x14163ebf0;  1 drivers
v0x14163a320_0 .net "b0", 0 0, L_0x14163ed90;  1 drivers
v0x14163a3c0_0 .net "b1", 0 0, L_0x14163ee80;  1 drivers
v0x14163a460_0 .net "b2", 0 0, L_0x14163ef20;  1 drivers
v0x14163a500_0 .net "b3", 0 0, L_0x14163f000;  1 drivers
v0x14163a5a0_0 .net "c0", 0 0, L_0x14163f6b0;  1 drivers
v0x14163a640_0 .net "c1", 0 0, L_0x1416403e0;  1 drivers
v0x14163a6e0_0 .net "c2", 0 0, L_0x141640a60;  1 drivers
v0x14163a780_0 .net "c3", 0 0, L_0x141640240;  1 drivers
v0x14163a820_0 .net "in1", 3 0, L_0x14163e760;  alias, 1 drivers
v0x14163a8e0_0 .net "in2", 3 0, L_0x148050058;  alias, 1 drivers
v0x14163a970_0 .net "out", 3 0, L_0x1416412d0;  alias, 1 drivers
L_0x14163ea10 .part L_0x14163e760, 3, 1;
L_0x14163eab0 .part L_0x14163e760, 2, 1;
L_0x14163eb50 .part L_0x14163e760, 1, 1;
L_0x14163ebf0 .part L_0x14163e760, 0, 1;
L_0x14163ed90 .part L_0x148050058, 3, 1;
L_0x14163ee80 .part L_0x148050058, 2, 1;
L_0x14163ef20 .part L_0x148050058, 1, 1;
L_0x14163f000 .part L_0x148050058, 0, 1;
L_0x1416412d0 .concat [ 1 1 1 1], L_0x141640240, L_0x141640a60, L_0x1416403e0, L_0x14163f6b0;
S_0x14163aa00 .scope module, "MULT_SUM" "GF_2_4_mult" 2 28, 4 1 0, S_0x14160cde0;
 .timescale 0 0;
    .port_info 0 /INPUT 4 "in1";
    .port_info 1 /INPUT 4 "in2";
    .port_info 2 /OUTPUT 4 "out";
L_0x141641ec0 .functor AND 1, L_0x1416418c0, L_0x141641bc0, C4<1>, C4<1>;
L_0x141641fb0 .functor AND 1, L_0x141641960, L_0x141641e20, C4<1>, C4<1>;
L_0x1416420a0 .functor XOR 1, L_0x141641ec0, L_0x141641fb0, C4<0>, C4<0>;
L_0x141642190 .functor AND 1, L_0x141641a80, L_0x141641d80, C4<1>, C4<1>;
L_0x141642280 .functor XOR 1, L_0x1416420a0, L_0x141642190, C4<0>, C4<0>;
L_0x1416423a0 .functor AND 1, L_0x141641b20, L_0x141641c60, C4<1>, C4<1>;
L_0x141642490 .functor XOR 1, L_0x141642280, L_0x1416423a0, C4<0>, C4<0>;
L_0x1416425c0 .functor AND 1, L_0x1416418c0, L_0x141641c60, C4<1>, C4<1>;
L_0x141642630 .functor AND 1, L_0x141641960, L_0x141641bc0, C4<1>, C4<1>;
L_0x1416426f0 .functor XOR 1, L_0x1416425c0, L_0x141642630, C4<0>, C4<0>;
L_0x1416427e0 .functor AND 1, L_0x141641960, L_0x141641e20, C4<1>, C4<1>;
L_0x141642930 .functor XOR 1, L_0x1416426f0, L_0x1416427e0, C4<0>, C4<0>;
L_0x1416429e0 .functor AND 1, L_0x141641a80, L_0x141641d80, C4<1>, C4<1>;
L_0x141642ac0 .functor XOR 1, L_0x141642930, L_0x1416429e0, C4<0>, C4<0>;
L_0x141642b90 .functor AND 1, L_0x141641a80, L_0x141641e20, C4<1>, C4<1>;
L_0x141642a50 .functor XOR 1, L_0x141642ac0, L_0x141642b90, C4<0>, C4<0>;
L_0x141642dc0 .functor AND 1, L_0x141641b20, L_0x141641c60, C4<1>, C4<1>;
L_0x141642f40 .functor XOR 1, L_0x141642a50, L_0x141642dc0, C4<0>, C4<0>;
L_0x141642fb0 .functor AND 1, L_0x141641b20, L_0x141641d80, C4<1>, C4<1>;
L_0x1416431c0 .functor XOR 1, L_0x141642f40, L_0x141642fb0, C4<0>, C4<0>;
L_0x141643230 .functor AND 1, L_0x1416418c0, L_0x141641d80, C4<1>, C4<1>;
L_0x1416433d0 .functor AND 1, L_0x141641960, L_0x141641c60, C4<1>, C4<1>;
L_0x141643120 .functor XOR 1, L_0x141643230, L_0x1416433d0, C4<0>, C4<0>;
L_0x141643540 .functor AND 1, L_0x141641a80, L_0x141641bc0, C4<1>, C4<1>;
L_0x1416435b0 .functor XOR 1, L_0x141643120, L_0x141643540, C4<0>, C4<0>;
L_0x141643750 .functor AND 1, L_0x141641a80, L_0x141641e20, C4<1>, C4<1>;
L_0x141643480 .functor XOR 1, L_0x1416435b0, L_0x141643750, C4<0>, C4<0>;
L_0x141643920 .functor AND 1, L_0x141641b20, L_0x141641d80, C4<1>, C4<1>;
L_0x141643680 .functor XOR 1, L_0x141643480, L_0x141643920, C4<0>, C4<0>;
L_0x141643b00 .functor AND 1, L_0x141641b20, L_0x141641e20, C4<1>, C4<1>;
L_0x141643840 .functor XOR 1, L_0x141643680, L_0x141643b00, C4<0>, C4<0>;
L_0x141643cb0 .functor AND 1, L_0x1416418c0, L_0x141641e20, C4<1>, C4<1>;
L_0x141643a10 .functor AND 1, L_0x141641960, L_0x141641d80, C4<1>, C4<1>;
L_0x141643bb0 .functor XOR 1, L_0x141643cb0, L_0x141643a10, C4<0>, C4<0>;
L_0x141643e30 .functor AND 1, L_0x141641a80, L_0x141641c60, C4<1>, C4<1>;
L_0x141643d20 .functor XOR 1, L_0x141643bb0, L_0x141643e30, C4<0>, C4<0>;
L_0x141644000 .functor AND 1, L_0x141641b20, L_0x141641bc0, C4<1>, C4<1>;
L_0x141643ea0 .functor XOR 1, L_0x141643d20, L_0x141644000, C4<0>, C4<0>;
L_0x1416441a0 .functor AND 1, L_0x141641b20, L_0x141641e20, C4<1>, C4<1>;
L_0x141643020 .functor XOR 1, L_0x141643ea0, L_0x1416441a0, C4<0>, C4<0>;
v0x14163ac10_0 .net *"_ivl_16", 0 0, L_0x141641ec0;  1 drivers
v0x14163acd0_0 .net *"_ivl_18", 0 0, L_0x141641fb0;  1 drivers
v0x14163ad80_0 .net *"_ivl_20", 0 0, L_0x1416420a0;  1 drivers
v0x14163ae40_0 .net *"_ivl_22", 0 0, L_0x141642190;  1 drivers
v0x14163aef0_0 .net *"_ivl_24", 0 0, L_0x141642280;  1 drivers
v0x14163afe0_0 .net *"_ivl_26", 0 0, L_0x1416423a0;  1 drivers
v0x14163b090_0 .net *"_ivl_30", 0 0, L_0x1416425c0;  1 drivers
v0x14163b140_0 .net *"_ivl_32", 0 0, L_0x141642630;  1 drivers
v0x14163b1f0_0 .net *"_ivl_34", 0 0, L_0x1416426f0;  1 drivers
v0x14163b300_0 .net *"_ivl_36", 0 0, L_0x1416427e0;  1 drivers
v0x14163b3b0_0 .net *"_ivl_38", 0 0, L_0x141642930;  1 drivers
v0x14163b460_0 .net *"_ivl_40", 0 0, L_0x1416429e0;  1 drivers
v0x14163b510_0 .net *"_ivl_42", 0 0, L_0x141642ac0;  1 drivers
v0x14163b5c0_0 .net *"_ivl_44", 0 0, L_0x141642b90;  1 drivers
v0x14163b670_0 .net *"_ivl_46", 0 0, L_0x141642a50;  1 drivers
v0x14163b720_0 .net *"_ivl_48", 0 0, L_0x141642dc0;  1 drivers
v0x14163b7d0_0 .net *"_ivl_50", 0 0, L_0x141642f40;  1 drivers
v0x14163b960_0 .net *"_ivl_52", 0 0, L_0x141642fb0;  1 drivers
v0x14163b9f0_0 .net *"_ivl_56", 0 0, L_0x141643230;  1 drivers
v0x14163baa0_0 .net *"_ivl_58", 0 0, L_0x1416433d0;  1 drivers
v0x14163bb50_0 .net *"_ivl_60", 0 0, L_0x141643120;  1 drivers
v0x14163bc00_0 .net *"_ivl_62", 0 0, L_0x141643540;  1 drivers
v0x14163bcb0_0 .net *"_ivl_64", 0 0, L_0x1416435b0;  1 drivers
v0x14163bd60_0 .net *"_ivl_66", 0 0, L_0x141643750;  1 drivers
v0x14163be10_0 .net *"_ivl_68", 0 0, L_0x141643480;  1 drivers
v0x14163bec0_0 .net *"_ivl_70", 0 0, L_0x141643920;  1 drivers
v0x14163bf70_0 .net *"_ivl_72", 0 0, L_0x141643680;  1 drivers
v0x14163c020_0 .net *"_ivl_74", 0 0, L_0x141643b00;  1 drivers
v0x14163c0d0_0 .net *"_ivl_78", 0 0, L_0x141643cb0;  1 drivers
v0x14163c180_0 .net *"_ivl_80", 0 0, L_0x141643a10;  1 drivers
v0x14163c230_0 .net *"_ivl_82", 0 0, L_0x141643bb0;  1 drivers
v0x14163c2e0_0 .net *"_ivl_84", 0 0, L_0x141643e30;  1 drivers
v0x14163c390_0 .net *"_ivl_86", 0 0, L_0x141643d20;  1 drivers
v0x14163b880_0 .net *"_ivl_88", 0 0, L_0x141644000;  1 drivers
v0x14163c620_0 .net *"_ivl_90", 0 0, L_0x141643ea0;  1 drivers
v0x14163c6b0_0 .net *"_ivl_92", 0 0, L_0x1416441a0;  1 drivers
v0x14163c750_0 .net "a0", 0 0, L_0x1416418c0;  1 drivers
v0x14163c7f0_0 .net "a1", 0 0, L_0x141641960;  1 drivers
v0x14163c890_0 .net "a2", 0 0, L_0x141641a80;  1 drivers
v0x14163c930_0 .net "a3", 0 0, L_0x141641b20;  1 drivers
v0x14163c9d0_0 .net "b0", 0 0, L_0x141641bc0;  1 drivers
v0x14163ca70_0 .net "b1", 0 0, L_0x141641c60;  1 drivers
v0x14163cb10_0 .net "b2", 0 0, L_0x141641d80;  1 drivers
v0x14163cbb0_0 .net "b3", 0 0, L_0x141641e20;  1 drivers
v0x14163cc50_0 .net "c0", 0 0, L_0x141642490;  1 drivers
v0x14163ccf0_0 .net "c1", 0 0, L_0x1416431c0;  1 drivers
v0x14163cd90_0 .net "c2", 0 0, L_0x141643840;  1 drivers
v0x14163ce30_0 .net "c3", 0 0, L_0x141643020;  1 drivers
v0x14163ced0_0 .net "in1", 3 0, L_0x14163e8e0;  alias, 1 drivers
v0x14163cf80_0 .net "in2", 3 0, v0x141638250_0;  alias, 1 drivers
v0x14163d040_0 .net "out", 3 0, L_0x1416440b0;  alias, 1 drivers
L_0x1416418c0 .part L_0x14163e8e0, 3, 1;
L_0x141641960 .part L_0x14163e8e0, 2, 1;
L_0x141641a80 .part L_0x14163e8e0, 1, 1;
L_0x141641b20 .part L_0x14163e8e0, 0, 1;
L_0x141641bc0 .part v0x141638250_0, 3, 1;
L_0x141641c60 .part v0x141638250_0, 2, 1;
L_0x141641d80 .part v0x141638250_0, 1, 1;
L_0x141641e20 .part v0x141638250_0, 0, 1;
L_0x1416440b0 .concat [ 1 1 1 1], L_0x141643020, L_0x141643840, L_0x1416431c0, L_0x141642490;
    .scope S_0x141637f40;
T_0 ;
    %wait E_0x141638130;
    %load/vec4 v0x141638190_0;
    %dup/vec4;
    %pushi/vec4 0, 0, 4;
    %cmp/u;
    %jmp/1 T_0.0, 6;
    %dup/vec4;
    %pushi/vec4 8, 0, 4;
    %cmp/u;
    %jmp/1 T_0.1, 6;
    %dup/vec4;
    %pushi/vec4 4, 0, 4;
    %cmp/u;
    %jmp/1 T_0.2, 6;
    %dup/vec4;
    %pushi/vec4 2, 0, 4;
    %cmp/u;
    %jmp/1 T_0.3, 6;
    %dup/vec4;
    %pushi/vec4 1, 0, 4;
    %cmp/u;
    %jmp/1 T_0.4, 6;
    %dup/vec4;
    %pushi/vec4 12, 0, 4;
    %cmp/u;
    %jmp/1 T_0.5, 6;
    %dup/vec4;
    %pushi/vec4 6, 0, 4;
    %cmp/u;
    %jmp/1 T_0.6, 6;
    %dup/vec4;
    %pushi/vec4 3, 0, 4;
    %cmp/u;
    %jmp/1 T_0.7, 6;
    %dup/vec4;
    %pushi/vec4 13, 0, 4;
    %cmp/u;
    %jmp/1 T_0.8, 6;
    %dup/vec4;
    %pushi/vec4 10, 0, 4;
    %cmp/u;
    %jmp/1 T_0.9, 6;
    %dup/vec4;
    %pushi/vec4 5, 0, 4;
    %cmp/u;
    %jmp/1 T_0.10, 6;
    %dup/vec4;
    %pushi/vec4 14, 0, 4;
    %cmp/u;
    %jmp/1 T_0.11, 6;
    %dup/vec4;
    %pushi/vec4 7, 0, 4;
    %cmp/u;
    %jmp/1 T_0.12, 6;
    %dup/vec4;
    %pushi/vec4 15, 0, 4;
    %cmp/u;
    %jmp/1 T_0.13, 6;
    %dup/vec4;
    %pushi/vec4 11, 0, 4;
    %cmp/u;
    %jmp/1 T_0.14, 6;
    %dup/vec4;
    %pushi/vec4 9, 0, 4;
    %cmp/u;
    %jmp/1 T_0.15, 6;
    %pushi/vec4 0, 0, 4;
    %store/vec4 v0x141638250_0, 0, 4;
    %jmp T_0.17;
T_0.0 ;
    %pushi/vec4 0, 0, 4;
    %store/vec4 v0x141638250_0, 0, 4;
    %jmp T_0.17;
T_0.1 ;
    %pushi/vec4 8, 0, 4;
    %store/vec4 v0x141638250_0, 0, 4;
    %jmp T_0.17;
T_0.2 ;
    %pushi/vec4 9, 0, 4;
    %store/vec4 v0x141638250_0, 0, 4;
    %jmp T_0.17;
T_0.3 ;
    %pushi/vec4 11, 0, 4;
    %store/vec4 v0x141638250_0, 0, 4;
    %jmp T_0.17;
T_0.4 ;
    %pushi/vec4 15, 0, 4;
    %store/vec4 v0x141638250_0, 0, 4;
    %jmp T_0.17;
T_0.5 ;
    %pushi/vec4 7, 0, 4;
    %store/vec4 v0x141638250_0, 0, 4;
    %jmp T_0.17;
T_0.6 ;
    %pushi/vec4 14, 0, 4;
    %store/vec4 v0x141638250_0, 0, 4;
    %jmp T_0.17;
T_0.7 ;
    %pushi/vec4 5, 0, 4;
    %store/vec4 v0x141638250_0, 0, 4;
    %jmp T_0.17;
T_0.8 ;
    %pushi/vec4 10, 0, 4;
    %store/vec4 v0x141638250_0, 0, 4;
    %jmp T_0.17;
T_0.9 ;
    %pushi/vec4 13, 0, 4;
    %store/vec4 v0x141638250_0, 0, 4;
    %jmp T_0.17;
T_0.10 ;
    %pushi/vec4 3, 0, 4;
    %store/vec4 v0x141638250_0, 0, 4;
    %jmp T_0.17;
T_0.11 ;
    %pushi/vec4 6, 0, 4;
    %store/vec4 v0x141638250_0, 0, 4;
    %jmp T_0.17;
T_0.12 ;
    %pushi/vec4 12, 0, 4;
    %store/vec4 v0x141638250_0, 0, 4;
    %jmp T_0.17;
T_0.13 ;
    %pushi/vec4 1, 0, 4;
    %store/vec4 v0x141638250_0, 0, 4;
    %jmp T_0.17;
T_0.14 ;
    %pushi/vec4 2, 0, 4;
    %store/vec4 v0x141638250_0, 0, 4;
    %jmp T_0.17;
T_0.15 ;
    %pushi/vec4 4, 0, 4;
    %store/vec4 v0x141638250_0, 0, 4;
    %jmp T_0.17;
T_0.17 ;
    %pop/vec4 1;
    %jmp T_0;
    .thread T_0, $push;
    .scope S_0x14160c1a0;
T_1 ;
    %wait E_0x14161a7d0;
    %load/vec4 v0x14161b8e0_0;
    %dup/vec4;
    %pushi/vec4 0, 0, 4;
    %cmp/u;
    %jmp/1 T_1.0, 6;
    %dup/vec4;
    %pushi/vec4 8, 0, 4;
    %cmp/u;
    %jmp/1 T_1.1, 6;
    %dup/vec4;
    %pushi/vec4 4, 0, 4;
    %cmp/u;
    %jmp/1 T_1.2, 6;
    %dup/vec4;
    %pushi/vec4 2, 0, 4;
    %cmp/u;
    %jmp/1 T_1.3, 6;
    %dup/vec4;
    %pushi/vec4 1, 0, 4;
    %cmp/u;
    %jmp/1 T_1.4, 6;
    %dup/vec4;
    %pushi/vec4 12, 0, 4;
    %cmp/u;
    %jmp/1 T_1.5, 6;
    %dup/vec4;
    %pushi/vec4 6, 0, 4;
    %cmp/u;
    %jmp/1 T_1.6, 6;
    %dup/vec4;
    %pushi/vec4 3, 0, 4;
    %cmp/u;
    %jmp/1 T_1.7, 6;
    %dup/vec4;
    %pushi/vec4 13, 0, 4;
    %cmp/u;
    %jmp/1 T_1.8, 6;
    %dup/vec4;
    %pushi/vec4 10, 0, 4;
    %cmp/u;
    %jmp/1 T_1.9, 6;
    %dup/vec4;
    %pushi/vec4 5, 0, 4;
    %cmp/u;
    %jmp/1 T_1.10, 6;
    %dup/vec4;
    %pushi/vec4 14, 0, 4;
    %cmp/u;
    %jmp/1 T_1.11, 6;
    %dup/vec4;
    %pushi/vec4 7, 0, 4;
    %cmp/u;
    %jmp/1 T_1.12, 6;
    %dup/vec4;
    %pushi/vec4 15, 0, 4;
    %cmp/u;
    %jmp/1 T_1.13, 6;
    %dup/vec4;
    %pushi/vec4 11, 0, 4;
    %cmp/u;
    %jmp/1 T_1.14, 6;
    %dup/vec4;
    %pushi/vec4 9, 0, 4;
    %cmp/u;
    %jmp/1 T_1.15, 6;
    %pushi/vec4 0, 0, 4;
    %store/vec4 v0x141637e80_0, 0, 4;
    %jmp T_1.17;
T_1.0 ;
    %pushi/vec4 0, 0, 4;
    %store/vec4 v0x141637e80_0, 0, 4;
    %jmp T_1.17;
T_1.1 ;
    %pushi/vec4 8, 0, 4;
    %store/vec4 v0x141637e80_0, 0, 4;
    %jmp T_1.17;
T_1.2 ;
    %pushi/vec4 9, 0, 4;
    %store/vec4 v0x141637e80_0, 0, 4;
    %jmp T_1.17;
T_1.3 ;
    %pushi/vec4 11, 0, 4;
    %store/vec4 v0x141637e80_0, 0, 4;
    %jmp T_1.17;
T_1.4 ;
    %pushi/vec4 15, 0, 4;
    %store/vec4 v0x141637e80_0, 0, 4;
    %jmp T_1.17;
T_1.5 ;
    %pushi/vec4 7, 0, 4;
    %store/vec4 v0x141637e80_0, 0, 4;
    %jmp T_1.17;
T_1.6 ;
    %pushi/vec4 14, 0, 4;
    %store/vec4 v0x141637e80_0, 0, 4;
    %jmp T_1.17;
T_1.7 ;
    %pushi/vec4 5, 0, 4;
    %store/vec4 v0x141637e80_0, 0, 4;
    %jmp T_1.17;
T_1.8 ;
    %pushi/vec4 10, 0, 4;
    %store/vec4 v0x141637e80_0, 0, 4;
    %jmp T_1.17;
T_1.9 ;
    %pushi/vec4 13, 0, 4;
    %store/vec4 v0x141637e80_0, 0, 4;
    %jmp T_1.17;
T_1.10 ;
    %pushi/vec4 3, 0, 4;
    %store/vec4 v0x141637e80_0, 0, 4;
    %jmp T_1.17;
T_1.11 ;
    %pushi/vec4 6, 0, 4;
    %store/vec4 v0x141637e80_0, 0, 4;
    %jmp T_1.17;
T_1.12 ;
    %pushi/vec4 12, 0, 4;
    %store/vec4 v0x141637e80_0, 0, 4;
    %jmp T_1.17;
T_1.13 ;
    %pushi/vec4 1, 0, 4;
    %store/vec4 v0x141637e80_0, 0, 4;
    %jmp T_1.17;
T_1.14 ;
    %pushi/vec4 2, 0, 4;
    %store/vec4 v0x141637e80_0, 0, 4;
    %jmp T_1.17;
T_1.15 ;
    %pushi/vec4 4, 0, 4;
    %store/vec4 v0x141637e80_0, 0, 4;
    %jmp T_1.17;
T_1.17 ;
    %pop/vec4 1;
    %jmp T_1;
    .thread T_1, $push;
# The file index is used to find the file name in the following table.
:file_names 5;
    "N/A";
    "<interactive>";
    "root_to_coeff_comb.v";
    "./GF_2_4_inv.v";
    "./GF_2_4_mult.v";
