#! /opt/homebrew/Cellar/icarus-verilog/12.0/bin/vvp
:ivl_version "12.0 (stable)";
:ivl_delay_selection "TYPICAL";
:vpi_time_precision + 0;
:vpi_module "/opt/homebrew/Cellar/icarus-verilog/12.0/lib/ivl/system.vpi";
:vpi_module "/opt/homebrew/Cellar/icarus-verilog/12.0/lib/ivl/vhdl_sys.vpi";
:vpi_module "/opt/homebrew/Cellar/icarus-verilog/12.0/lib/ivl/vhdl_textio.vpi";
:vpi_module "/opt/homebrew/Cellar/icarus-verilog/12.0/lib/ivl/v2005_math.vpi";
:vpi_module "/opt/homebrew/Cellar/icarus-verilog/12.0/lib/ivl/va_math.vpi";
S_0x12e61f830 .scope module, "root_to_coeff_t2" "root_to_coeff_t2" 2 4;
 .timescale 0 0;
    .port_info 0 /INPUT 4 "a1";
    .port_info 1 /INPUT 4 "a2";
    .port_info 2 /OUTPUT 4 "c1";
    .port_info 3 /OUTPUT 4 "c2";
P_0x12e6105e0 .param/l "M" 0 2 4, +C4<00000000000000000000000000000100>;
o0x1300189d0 .functor BUFZ 4, C4<zzzz>; HiZ drive
o0x130018a00 .functor BUFZ 4, C4<zzzz>; HiZ drive
L_0x12e632830 .functor XOR 4, o0x1300189d0, o0x130018a00, C4<0000>, C4<0000>;
L_0x12e638650 .functor BUFZ 4, v0x12e62d3d0_0, C4<0000>, C4<0000>, C4<0000>;
L_0x12e6386c0 .functor BUFZ 4, L_0x12e638020, C4<0000>, C4<0000>, C4<0000>;
v0x12e632230_0 .net "a1", 3 0, o0x1300189d0;  0 drivers
v0x12e6322c0_0 .net "a2", 3 0, o0x130018a00;  0 drivers
v0x12e632370_0 .net "c1", 3 0, L_0x12e6386c0;  1 drivers
v0x12e632420_0 .net "c2", 3 0, L_0x12e638650;  1 drivers
v0x12e6324d0_0 .net "prod", 3 0, L_0x12e635240;  1 drivers
v0x12e6325f0_0 .net "prod_inv", 3 0, v0x12e62d3d0_0;  1 drivers
v0x12e6326c0_0 .net "sum", 3 0, L_0x12e632830;  1 drivers
v0x12e632750_0 .net "sum_prod_inv", 3 0, L_0x12e638020;  1 drivers
S_0x12e60ea10 .scope module, "INV_INST" "GF_2_4_inv" 2 20, 3 1 0, S_0x12e61f830;
 .timescale 0 0;
    .port_info 0 /INPUT 4 "in";
    .port_info 1 /OUTPUT 4 "out";
v0x12e615180_0 .net "in", 3 0, L_0x12e635240;  alias, 1 drivers
v0x12e62d3d0_0 .var "out", 3 0;
E_0x12e60fbb0 .event anyedge, v0x12e615180_0;
S_0x12e62d490 .scope module, "MULT_INST_1" "GF_2_4_mult" 2 14, 4 1 0, S_0x12e61f830;
 .timescale 0 0;
    .port_info 0 /INPUT 4 "in1";
    .port_info 1 /INPUT 4 "in2";
    .port_info 2 /OUTPUT 4 "out";
L_0x12e633010 .functor AND 1, L_0x12e632960, L_0x12e632c80, C4<1>, C4<1>;
L_0x12e633120 .functor AND 1, L_0x12e632a00, L_0x12e632f50, C4<1>, C4<1>;
L_0x12e633210 .functor XOR 1, L_0x12e633010, L_0x12e633120, C4<0>, C4<0>;
L_0x12e633300 .functor AND 1, L_0x12e632b20, L_0x12e632e90, C4<1>, C4<1>;
L_0x12e633410 .functor XOR 1, L_0x12e633210, L_0x12e633300, C4<0>, C4<0>;
L_0x12e633530 .functor AND 1, L_0x12e632be0, L_0x12e632d70, C4<1>, C4<1>;
L_0x12e633620 .functor XOR 1, L_0x12e633410, L_0x12e633530, C4<0>, C4<0>;
L_0x12e633750 .functor AND 1, L_0x12e632960, L_0x12e632d70, C4<1>, C4<1>;
L_0x12e6337c0 .functor AND 1, L_0x12e632a00, L_0x12e632c80, C4<1>, C4<1>;
L_0x12e633880 .functor XOR 1, L_0x12e633750, L_0x12e6337c0, C4<0>, C4<0>;
L_0x12e633970 .functor AND 1, L_0x12e632a00, L_0x12e632f50, C4<1>, C4<1>;
L_0x12e633ac0 .functor XOR 1, L_0x12e633880, L_0x12e633970, C4<0>, C4<0>;
L_0x12e633b70 .functor AND 1, L_0x12e632b20, L_0x12e632e90, C4<1>, C4<1>;
L_0x12e633c50 .functor XOR 1, L_0x12e633ac0, L_0x12e633b70, C4<0>, C4<0>;
L_0x12e633d20 .functor AND 1, L_0x12e632b20, L_0x12e632f50, C4<1>, C4<1>;
L_0x12e633be0 .functor XOR 1, L_0x12e633c50, L_0x12e633d20, C4<0>, C4<0>;
L_0x12e633f50 .functor AND 1, L_0x12e632be0, L_0x12e632d70, C4<1>, C4<1>;
L_0x12e6340d0 .functor XOR 1, L_0x12e633be0, L_0x12e633f50, C4<0>, C4<0>;
L_0x12e634140 .functor AND 1, L_0x12e632be0, L_0x12e632e90, C4<1>, C4<1>;
L_0x12e634350 .functor XOR 1, L_0x12e6340d0, L_0x12e634140, C4<0>, C4<0>;
L_0x12e6343c0 .functor AND 1, L_0x12e632960, L_0x12e632e90, C4<1>, C4<1>;
L_0x12e634560 .functor AND 1, L_0x12e632a00, L_0x12e632d70, C4<1>, C4<1>;
L_0x12e6342b0 .functor XOR 1, L_0x12e6343c0, L_0x12e634560, C4<0>, C4<0>;
L_0x12e6346d0 .functor AND 1, L_0x12e632b20, L_0x12e632c80, C4<1>, C4<1>;
L_0x12e634740 .functor XOR 1, L_0x12e6342b0, L_0x12e6346d0, C4<0>, C4<0>;
L_0x12e6348e0 .functor AND 1, L_0x12e632b20, L_0x12e632f50, C4<1>, C4<1>;
L_0x12e634610 .functor XOR 1, L_0x12e634740, L_0x12e6348e0, C4<0>, C4<0>;
L_0x12e634ab0 .functor AND 1, L_0x12e632be0, L_0x12e632e90, C4<1>, C4<1>;
L_0x12e634810 .functor XOR 1, L_0x12e634610, L_0x12e634ab0, C4<0>, C4<0>;
L_0x12e634c90 .functor AND 1, L_0x12e632be0, L_0x12e632f50, C4<1>, C4<1>;
L_0x12e6349d0 .functor XOR 1, L_0x12e634810, L_0x12e634c90, C4<0>, C4<0>;
L_0x12e634e40 .functor AND 1, L_0x12e632960, L_0x12e632f50, C4<1>, C4<1>;
L_0x12e634ba0 .functor AND 1, L_0x12e632a00, L_0x12e632e90, C4<1>, C4<1>;
L_0x12e634d40 .functor XOR 1, L_0x12e634e40, L_0x12e634ba0, C4<0>, C4<0>;
L_0x12e634fc0 .functor AND 1, L_0x12e632b20, L_0x12e632d70, C4<1>, C4<1>;
L_0x12e634eb0 .functor XOR 1, L_0x12e634d40, L_0x12e634fc0, C4<0>, C4<0>;
L_0x12e635190 .functor AND 1, L_0x12e632be0, L_0x12e632c80, C4<1>, C4<1>;
L_0x12e635030 .functor XOR 1, L_0x12e634eb0, L_0x12e635190, C4<0>, C4<0>;
L_0x12e635330 .functor AND 1, L_0x12e632be0, L_0x12e632f50, C4<1>, C4<1>;
L_0x12e6341b0 .functor XOR 1, L_0x12e635030, L_0x12e635330, C4<0>, C4<0>;
v0x12e62d6c0_0 .net *"_ivl_16", 0 0, L_0x12e633010;  1 drivers
v0x12e62d770_0 .net *"_ivl_18", 0 0, L_0x12e633120;  1 drivers
v0x12e62d820_0 .net *"_ivl_20", 0 0, L_0x12e633210;  1 drivers
v0x12e62d8e0_0 .net *"_ivl_22", 0 0, L_0x12e633300;  1 drivers
v0x12e62d990_0 .net *"_ivl_24", 0 0, L_0x12e633410;  1 drivers
v0x12e62da80_0 .net *"_ivl_26", 0 0, L_0x12e633530;  1 drivers
v0x12e62db30_0 .net *"_ivl_30", 0 0, L_0x12e633750;  1 drivers
v0x12e62dbe0_0 .net *"_ivl_32", 0 0, L_0x12e6337c0;  1 drivers
v0x12e62dc90_0 .net *"_ivl_34", 0 0, L_0x12e633880;  1 drivers
v0x12e62dda0_0 .net *"_ivl_36", 0 0, L_0x12e633970;  1 drivers
v0x12e62de50_0 .net *"_ivl_38", 0 0, L_0x12e633ac0;  1 drivers
v0x12e62df00_0 .net *"_ivl_40", 0 0, L_0x12e633b70;  1 drivers
v0x12e62dfb0_0 .net *"_ivl_42", 0 0, L_0x12e633c50;  1 drivers
v0x12e62e060_0 .net *"_ivl_44", 0 0, L_0x12e633d20;  1 drivers
v0x12e62e110_0 .net *"_ivl_46", 0 0, L_0x12e633be0;  1 drivers
v0x12e62e1c0_0 .net *"_ivl_48", 0 0, L_0x12e633f50;  1 drivers
v0x12e62e270_0 .net *"_ivl_50", 0 0, L_0x12e6340d0;  1 drivers
v0x12e62e400_0 .net *"_ivl_52", 0 0, L_0x12e634140;  1 drivers
v0x12e62e490_0 .net *"_ivl_56", 0 0, L_0x12e6343c0;  1 drivers
v0x12e62e540_0 .net *"_ivl_58", 0 0, L_0x12e634560;  1 drivers
v0x12e62e5f0_0 .net *"_ivl_60", 0 0, L_0x12e6342b0;  1 drivers
v0x12e62e6a0_0 .net *"_ivl_62", 0 0, L_0x12e6346d0;  1 drivers
v0x12e62e750_0 .net *"_ivl_64", 0 0, L_0x12e634740;  1 drivers
v0x12e62e800_0 .net *"_ivl_66", 0 0, L_0x12e6348e0;  1 drivers
v0x12e62e8b0_0 .net *"_ivl_68", 0 0, L_0x12e634610;  1 drivers
v0x12e62e960_0 .net *"_ivl_70", 0 0, L_0x12e634ab0;  1 drivers
v0x12e62ea10_0 .net *"_ivl_72", 0 0, L_0x12e634810;  1 drivers
v0x12e62eac0_0 .net *"_ivl_74", 0 0, L_0x12e634c90;  1 drivers
v0x12e62eb70_0 .net *"_ivl_78", 0 0, L_0x12e634e40;  1 drivers
v0x12e62ec20_0 .net *"_ivl_80", 0 0, L_0x12e634ba0;  1 drivers
v0x12e62ecd0_0 .net *"_ivl_82", 0 0, L_0x12e634d40;  1 drivers
v0x12e62ed80_0 .net *"_ivl_84", 0 0, L_0x12e634fc0;  1 drivers
v0x12e62ee30_0 .net *"_ivl_86", 0 0, L_0x12e634eb0;  1 drivers
v0x12e62e320_0 .net *"_ivl_88", 0 0, L_0x12e635190;  1 drivers
v0x12e62f0c0_0 .net *"_ivl_90", 0 0, L_0x12e635030;  1 drivers
v0x12e62f150_0 .net *"_ivl_92", 0 0, L_0x12e635330;  1 drivers
v0x12e62f1f0_0 .net "a0", 0 0, L_0x12e632960;  1 drivers
v0x12e62f290_0 .net "a1", 0 0, L_0x12e632a00;  1 drivers
v0x12e62f330_0 .net "a2", 0 0, L_0x12e632b20;  1 drivers
v0x12e62f3d0_0 .net "a3", 0 0, L_0x12e632be0;  1 drivers
v0x12e62f470_0 .net "b0", 0 0, L_0x12e632c80;  1 drivers
v0x12e62f510_0 .net "b1", 0 0, L_0x12e632d70;  1 drivers
v0x12e62f5b0_0 .net "b2", 0 0, L_0x12e632e90;  1 drivers
v0x12e62f650_0 .net "b3", 0 0, L_0x12e632f50;  1 drivers
v0x12e62f6f0_0 .net "c0", 0 0, L_0x12e633620;  1 drivers
v0x12e62f790_0 .net "c1", 0 0, L_0x12e634350;  1 drivers
v0x12e62f830_0 .net "c2", 0 0, L_0x12e6349d0;  1 drivers
v0x12e62f8d0_0 .net "c3", 0 0, L_0x12e6341b0;  1 drivers
v0x12e62f970_0 .net "in1", 3 0, o0x1300189d0;  alias, 0 drivers
v0x12e62fa20_0 .net "in2", 3 0, o0x130018a00;  alias, 0 drivers
v0x12e62fad0_0 .net "out", 3 0, L_0x12e635240;  alias, 1 drivers
L_0x12e632960 .part o0x1300189d0, 3, 1;
L_0x12e632a00 .part o0x1300189d0, 2, 1;
L_0x12e632b20 .part o0x1300189d0, 1, 1;
L_0x12e632be0 .part o0x1300189d0, 0, 1;
L_0x12e632c80 .part o0x130018a00, 3, 1;
L_0x12e632d70 .part o0x130018a00, 2, 1;
L_0x12e632e90 .part o0x130018a00, 1, 1;
L_0x12e632f50 .part o0x130018a00, 0, 1;
L_0x12e635240 .concat [ 1 1 1 1], L_0x12e6341b0, L_0x12e6349d0, L_0x12e634350, L_0x12e633620;
S_0x12e62fb90 .scope module, "MULT_INST_2" "GF_2_4_mult" 2 25, 4 1 0, S_0x12e61f830;
 .timescale 0 0;
    .port_info 0 /INPUT 4 "in1";
    .port_info 1 /INPUT 4 "in2";
    .port_info 2 /OUTPUT 4 "out";
L_0x12e635e30 .functor AND 1, L_0x12e635830, L_0x12e635b30, C4<1>, C4<1>;
L_0x12e635f20 .functor AND 1, L_0x12e6358d0, L_0x12e635d90, C4<1>, C4<1>;
L_0x12e636010 .functor XOR 1, L_0x12e635e30, L_0x12e635f20, C4<0>, C4<0>;
L_0x12e636100 .functor AND 1, L_0x12e6359f0, L_0x12e635cf0, C4<1>, C4<1>;
L_0x12e6361f0 .functor XOR 1, L_0x12e636010, L_0x12e636100, C4<0>, C4<0>;
L_0x12e636310 .functor AND 1, L_0x12e635a90, L_0x12e635bd0, C4<1>, C4<1>;
L_0x12e636400 .functor XOR 1, L_0x12e6361f0, L_0x12e636310, C4<0>, C4<0>;
L_0x12e636530 .functor AND 1, L_0x12e635830, L_0x12e635bd0, C4<1>, C4<1>;
L_0x12e6365a0 .functor AND 1, L_0x12e6358d0, L_0x12e635b30, C4<1>, C4<1>;
L_0x12e636660 .functor XOR 1, L_0x12e636530, L_0x12e6365a0, C4<0>, C4<0>;
L_0x12e636750 .functor AND 1, L_0x12e6358d0, L_0x12e635d90, C4<1>, C4<1>;
L_0x12e6368a0 .functor XOR 1, L_0x12e636660, L_0x12e636750, C4<0>, C4<0>;
L_0x12e636950 .functor AND 1, L_0x12e6359f0, L_0x12e635cf0, C4<1>, C4<1>;
L_0x12e636a30 .functor XOR 1, L_0x12e6368a0, L_0x12e636950, C4<0>, C4<0>;
L_0x12e636b00 .functor AND 1, L_0x12e6359f0, L_0x12e635d90, C4<1>, C4<1>;
L_0x12e6369c0 .functor XOR 1, L_0x12e636a30, L_0x12e636b00, C4<0>, C4<0>;
L_0x12e636d30 .functor AND 1, L_0x12e635a90, L_0x12e635bd0, C4<1>, C4<1>;
L_0x12e636eb0 .functor XOR 1, L_0x12e6369c0, L_0x12e636d30, C4<0>, C4<0>;
L_0x12e636f20 .functor AND 1, L_0x12e635a90, L_0x12e635cf0, C4<1>, C4<1>;
L_0x12e637130 .functor XOR 1, L_0x12e636eb0, L_0x12e636f20, C4<0>, C4<0>;
L_0x12e6371a0 .functor AND 1, L_0x12e635830, L_0x12e635cf0, C4<1>, C4<1>;
L_0x12e637340 .functor AND 1, L_0x12e6358d0, L_0x12e635bd0, C4<1>, C4<1>;
L_0x12e637090 .functor XOR 1, L_0x12e6371a0, L_0x12e637340, C4<0>, C4<0>;
L_0x12e6374b0 .functor AND 1, L_0x12e6359f0, L_0x12e635b30, C4<1>, C4<1>;
L_0x12e637520 .functor XOR 1, L_0x12e637090, L_0x12e6374b0, C4<0>, C4<0>;
L_0x12e6376c0 .functor AND 1, L_0x12e6359f0, L_0x12e635d90, C4<1>, C4<1>;
L_0x12e6373f0 .functor XOR 1, L_0x12e637520, L_0x12e6376c0, C4<0>, C4<0>;
L_0x12e637890 .functor AND 1, L_0x12e635a90, L_0x12e635cf0, C4<1>, C4<1>;
L_0x12e6375f0 .functor XOR 1, L_0x12e6373f0, L_0x12e637890, C4<0>, C4<0>;
L_0x12e637a70 .functor AND 1, L_0x12e635a90, L_0x12e635d90, C4<1>, C4<1>;
L_0x12e6377b0 .functor XOR 1, L_0x12e6375f0, L_0x12e637a70, C4<0>, C4<0>;
L_0x12e637c20 .functor AND 1, L_0x12e635830, L_0x12e635d90, C4<1>, C4<1>;
L_0x12e637980 .functor AND 1, L_0x12e6358d0, L_0x12e635cf0, C4<1>, C4<1>;
L_0x12e637b20 .functor XOR 1, L_0x12e637c20, L_0x12e637980, C4<0>, C4<0>;
L_0x12e637da0 .functor AND 1, L_0x12e6359f0, L_0x12e635bd0, C4<1>, C4<1>;
L_0x12e637c90 .functor XOR 1, L_0x12e637b20, L_0x12e637da0, C4<0>, C4<0>;
L_0x12e637f70 .functor AND 1, L_0x12e635a90, L_0x12e635b30, C4<1>, C4<1>;
L_0x12e637e10 .functor XOR 1, L_0x12e637c90, L_0x12e637f70, C4<0>, C4<0>;
L_0x12e638110 .functor AND 1, L_0x12e635a90, L_0x12e635d90, C4<1>, C4<1>;
L_0x12e636f90 .functor XOR 1, L_0x12e637e10, L_0x12e638110, C4<0>, C4<0>;
v0x12e62fda0_0 .net *"_ivl_16", 0 0, L_0x12e635e30;  1 drivers
v0x12e62fe30_0 .net *"_ivl_18", 0 0, L_0x12e635f20;  1 drivers
v0x12e62fee0_0 .net *"_ivl_20", 0 0, L_0x12e636010;  1 drivers
v0x12e62ffa0_0 .net *"_ivl_22", 0 0, L_0x12e636100;  1 drivers
v0x12e630050_0 .net *"_ivl_24", 0 0, L_0x12e6361f0;  1 drivers
v0x12e630140_0 .net *"_ivl_26", 0 0, L_0x12e636310;  1 drivers
v0x12e6301f0_0 .net *"_ivl_30", 0 0, L_0x12e636530;  1 drivers
v0x12e6302a0_0 .net *"_ivl_32", 0 0, L_0x12e6365a0;  1 drivers
v0x12e630350_0 .net *"_ivl_34", 0 0, L_0x12e636660;  1 drivers
v0x12e630460_0 .net *"_ivl_36", 0 0, L_0x12e636750;  1 drivers
v0x12e630510_0 .net *"_ivl_38", 0 0, L_0x12e6368a0;  1 drivers
v0x12e6305c0_0 .net *"_ivl_40", 0 0, L_0x12e636950;  1 drivers
v0x12e630670_0 .net *"_ivl_42", 0 0, L_0x12e636a30;  1 drivers
v0x12e630720_0 .net *"_ivl_44", 0 0, L_0x12e636b00;  1 drivers
v0x12e6307d0_0 .net *"_ivl_46", 0 0, L_0x12e6369c0;  1 drivers
v0x12e630880_0 .net *"_ivl_48", 0 0, L_0x12e636d30;  1 drivers
v0x12e630930_0 .net *"_ivl_50", 0 0, L_0x12e636eb0;  1 drivers
v0x12e630ac0_0 .net *"_ivl_52", 0 0, L_0x12e636f20;  1 drivers
v0x12e630b50_0 .net *"_ivl_56", 0 0, L_0x12e6371a0;  1 drivers
v0x12e630c00_0 .net *"_ivl_58", 0 0, L_0x12e637340;  1 drivers
v0x12e630cb0_0 .net *"_ivl_60", 0 0, L_0x12e637090;  1 drivers
v0x12e630d60_0 .net *"_ivl_62", 0 0, L_0x12e6374b0;  1 drivers
v0x12e630e10_0 .net *"_ivl_64", 0 0, L_0x12e637520;  1 drivers
v0x12e630ec0_0 .net *"_ivl_66", 0 0, L_0x12e6376c0;  1 drivers
v0x12e630f70_0 .net *"_ivl_68", 0 0, L_0x12e6373f0;  1 drivers
v0x12e631020_0 .net *"_ivl_70", 0 0, L_0x12e637890;  1 drivers
v0x12e6310d0_0 .net *"_ivl_72", 0 0, L_0x12e6375f0;  1 drivers
v0x12e631180_0 .net *"_ivl_74", 0 0, L_0x12e637a70;  1 drivers
v0x12e631230_0 .net *"_ivl_78", 0 0, L_0x12e637c20;  1 drivers
v0x12e6312e0_0 .net *"_ivl_80", 0 0, L_0x12e637980;  1 drivers
v0x12e631390_0 .net *"_ivl_82", 0 0, L_0x12e637b20;  1 drivers
v0x12e631440_0 .net *"_ivl_84", 0 0, L_0x12e637da0;  1 drivers
v0x12e6314f0_0 .net *"_ivl_86", 0 0, L_0x12e637c90;  1 drivers
v0x12e6309e0_0 .net *"_ivl_88", 0 0, L_0x12e637f70;  1 drivers
v0x12e631780_0 .net *"_ivl_90", 0 0, L_0x12e637e10;  1 drivers
v0x12e631810_0 .net *"_ivl_92", 0 0, L_0x12e638110;  1 drivers
v0x12e6318b0_0 .net "a0", 0 0, L_0x12e635830;  1 drivers
v0x12e631950_0 .net "a1", 0 0, L_0x12e6358d0;  1 drivers
v0x12e6319f0_0 .net "a2", 0 0, L_0x12e6359f0;  1 drivers
v0x12e631a90_0 .net "a3", 0 0, L_0x12e635a90;  1 drivers
v0x12e631b30_0 .net "b0", 0 0, L_0x12e635b30;  1 drivers
v0x12e631bd0_0 .net "b1", 0 0, L_0x12e635bd0;  1 drivers
v0x12e631c70_0 .net "b2", 0 0, L_0x12e635cf0;  1 drivers
v0x12e631d10_0 .net "b3", 0 0, L_0x12e635d90;  1 drivers
v0x12e631db0_0 .net "c0", 0 0, L_0x12e636400;  1 drivers
v0x12e631e50_0 .net "c1", 0 0, L_0x12e637130;  1 drivers
v0x12e631ef0_0 .net "c2", 0 0, L_0x12e6377b0;  1 drivers
v0x12e631f90_0 .net "c3", 0 0, L_0x12e636f90;  1 drivers
v0x12e632030_0 .net "in1", 3 0, L_0x12e632830;  alias, 1 drivers
v0x12e6320e0_0 .net "in2", 3 0, v0x12e62d3d0_0;  alias, 1 drivers
v0x12e6321a0_0 .net "out", 3 0, L_0x12e638020;  alias, 1 drivers
L_0x12e635830 .part L_0x12e632830, 3, 1;
L_0x12e6358d0 .part L_0x12e632830, 2, 1;
L_0x12e6359f0 .part L_0x12e632830, 1, 1;
L_0x12e635a90 .part L_0x12e632830, 0, 1;
L_0x12e635b30 .part v0x12e62d3d0_0, 3, 1;
L_0x12e635bd0 .part v0x12e62d3d0_0, 2, 1;
L_0x12e635cf0 .part v0x12e62d3d0_0, 1, 1;
L_0x12e635d90 .part v0x12e62d3d0_0, 0, 1;
L_0x12e638020 .concat [ 1 1 1 1], L_0x12e636f90, L_0x12e6377b0, L_0x12e637130, L_0x12e636400;
    .scope S_0x12e60ea10;
T_0 ;
    %wait E_0x12e60fbb0;
    %load/vec4 v0x12e615180_0;
    %dup/vec4;
    %pushi/vec4 0, 0, 4;
    %cmp/u;
    %jmp/1 T_0.0, 6;
    %dup/vec4;
    %pushi/vec4 8, 0, 4;
    %cmp/u;
    %jmp/1 T_0.1, 6;
    %dup/vec4;
    %pushi/vec4 4, 0, 4;
    %cmp/u;
    %jmp/1 T_0.2, 6;
    %dup/vec4;
    %pushi/vec4 2, 0, 4;
    %cmp/u;
    %jmp/1 T_0.3, 6;
    %dup/vec4;
    %pushi/vec4 1, 0, 4;
    %cmp/u;
    %jmp/1 T_0.4, 6;
    %dup/vec4;
    %pushi/vec4 12, 0, 4;
    %cmp/u;
    %jmp/1 T_0.5, 6;
    %dup/vec4;
    %pushi/vec4 6, 0, 4;
    %cmp/u;
    %jmp/1 T_0.6, 6;
    %dup/vec4;
    %pushi/vec4 3, 0, 4;
    %cmp/u;
    %jmp/1 T_0.7, 6;
    %dup/vec4;
    %pushi/vec4 13, 0, 4;
    %cmp/u;
    %jmp/1 T_0.8, 6;
    %dup/vec4;
    %pushi/vec4 10, 0, 4;
    %cmp/u;
    %jmp/1 T_0.9, 6;
    %dup/vec4;
    %pushi/vec4 5, 0, 4;
    %cmp/u;
    %jmp/1 T_0.10, 6;
    %dup/vec4;
    %pushi/vec4 14, 0, 4;
    %cmp/u;
    %jmp/1 T_0.11, 6;
    %dup/vec4;
    %pushi/vec4 7, 0, 4;
    %cmp/u;
    %jmp/1 T_0.12, 6;
    %dup/vec4;
    %pushi/vec4 15, 0, 4;
    %cmp/u;
    %jmp/1 T_0.13, 6;
    %dup/vec4;
    %pushi/vec4 11, 0, 4;
    %cmp/u;
    %jmp/1 T_0.14, 6;
    %dup/vec4;
    %pushi/vec4 9, 0, 4;
    %cmp/u;
    %jmp/1 T_0.15, 6;
    %pushi/vec4 0, 0, 4;
    %store/vec4 v0x12e62d3d0_0, 0, 4;
    %jmp T_0.17;
T_0.0 ;
    %pushi/vec4 0, 0, 4;
    %store/vec4 v0x12e62d3d0_0, 0, 4;
    %jmp T_0.17;
T_0.1 ;
    %pushi/vec4 8, 0, 4;
    %store/vec4 v0x12e62d3d0_0, 0, 4;
    %jmp T_0.17;
T_0.2 ;
    %pushi/vec4 9, 0, 4;
    %store/vec4 v0x12e62d3d0_0, 0, 4;
    %jmp T_0.17;
T_0.3 ;
    %pushi/vec4 11, 0, 4;
    %store/vec4 v0x12e62d3d0_0, 0, 4;
    %jmp T_0.17;
T_0.4 ;
    %pushi/vec4 15, 0, 4;
    %store/vec4 v0x12e62d3d0_0, 0, 4;
    %jmp T_0.17;
T_0.5 ;
    %pushi/vec4 7, 0, 4;
    %store/vec4 v0x12e62d3d0_0, 0, 4;
    %jmp T_0.17;
T_0.6 ;
    %pushi/vec4 14, 0, 4;
    %store/vec4 v0x12e62d3d0_0, 0, 4;
    %jmp T_0.17;
T_0.7 ;
    %pushi/vec4 5, 0, 4;
    %store/vec4 v0x12e62d3d0_0, 0, 4;
    %jmp T_0.17;
T_0.8 ;
    %pushi/vec4 10, 0, 4;
    %store/vec4 v0x12e62d3d0_0, 0, 4;
    %jmp T_0.17;
T_0.9 ;
    %pushi/vec4 13, 0, 4;
    %store/vec4 v0x12e62d3d0_0, 0, 4;
    %jmp T_0.17;
T_0.10 ;
    %pushi/vec4 3, 0, 4;
    %store/vec4 v0x12e62d3d0_0, 0, 4;
    %jmp T_0.17;
T_0.11 ;
    %pushi/vec4 6, 0, 4;
    %store/vec4 v0x12e62d3d0_0, 0, 4;
    %jmp T_0.17;
T_0.12 ;
    %pushi/vec4 12, 0, 4;
    %store/vec4 v0x12e62d3d0_0, 0, 4;
    %jmp T_0.17;
T_0.13 ;
    %pushi/vec4 1, 0, 4;
    %store/vec4 v0x12e62d3d0_0, 0, 4;
    %jmp T_0.17;
T_0.14 ;
    %pushi/vec4 2, 0, 4;
    %store/vec4 v0x12e62d3d0_0, 0, 4;
    %jmp T_0.17;
T_0.15 ;
    %pushi/vec4 4, 0, 4;
    %store/vec4 v0x12e62d3d0_0, 0, 4;
    %jmp T_0.17;
T_0.17 ;
    %pop/vec4 1;
    %jmp T_0;
    .thread T_0, $push;
# The file index is used to find the file name in the following table.
:file_names 5;
    "N/A";
    "<interactive>";
    "root_to_coeff_t2.v";
    "./../common/GF_2_4_inv.v";
    "./../common/GF_2_4_mult.v";
